primary_license:
declared_license:
license_expression: gpl-2.0-plus
copyright: |
  copyrighted by the Free Software Foundation, Inc.
  Copyright (c) 1995-2011 Software in the Public Interest
matches:
  - score: '100.0'
    start_line: 17
    end_line: 28
    matcher: 2-aho
    rule_length: 102
    matched_length: 102
    match_coverage: '100.0'
    rule_relevance: 100
    identifier: gpl-2.0-plus_862.RULE
    license_expression: gpl-2.0-plus
    is_license_text: no
    is_license_notice: yes
    is_license_reference: no
    is_license_tag: no
    is_license_intro: no
    matched_text: |
      This program is free software; you can redistribute it and/or modify
      it under the terms of the GNU General Public License as published by
      the Free Software Foundation; either version 2 of the License, or
      (at your option) any later version.

      This program is distributed in the hope that it will be useful,
      but WITHOUT ANY WARRANTY; without even the implied warranty of
      MERCHANTABILITY or FITNESS FOR A PARTICULAR PURPOSE.  See the
      GNU General Public License for more details.

      On Debian GNU/Linux systems, the complete text of the GNU General
      Public License can be found in `/usr/share/common-licenses/GPL'.
