FontName: Ambrosia
FullName: Ambrosia
FamilyName: Ambrosia
Copyright: Generated by Fontographer 3.5
Version: 001.000
