primary_license: gpl-2.0 WITH openssl-exception-gpl-2.0
declared_license:
  - GPL-2 with OpenSSL exception
  - GPL-2 with OpenSSL exception
  - GPL-2
  - GPL-2
  - GPL-2+
  - Zlib and GPL
  - BSD-3-Clause-Eric-Young
  - public-domain
  - BSD-3-Clause
  - BSD-ish
  - GPL-2 with OpenSSL exception
  - GPL-2
  - GPL-2+
  - GPL
  - Zlib
  - BSD-3-Clause
license_expression: gpl-2.0 WITH openssl-exception-gpl-2.0 AND gpl-2.0 WITH openssl-exception-gpl-2.0
  AND (gpl-2.0 AND gpl-2.0) AND (gpl-2.0 AND gpl-2.0) AND (gpl-2.0-plus AND gpl-2.0-plus) AND
  (zlib AND (gpl-1.0-plus AND gpl-1.0-plus)) AND (gpl-1.0-plus AND zlib) AND ssleay-windows
  AND public-domain AND bsd-new AND mit-old-style-no-advert
copyright: |
  2002-2016 Henrik Størner <henrik@hswn.dk>
  2005-2007 Henrik Størner <henrik@hswn.dk>
  2007-2016 Christoph Berg <myon@debian.org>
  2011-2016 Axel Beckert <abe@debian.org>
  2005-2011 Henrik Størner
  2006 Charles Goyard <cg@fsck.fr>
  2005-2011 Henrik Storner
  2006 Scott Smith ("status" section)
  2004 Eric Steffen <eric.steffen@gmx.net>
  1999, 2000, 2002 Aladdin Enterprises
  1995-1998 Eric Young (eay@cryptsoft.com)
  Under public domain.
  2005, 2007 Olivier Gay <olivier.gay@a3.epfl.ch>
  1998, 2000 by the Massachusetts Institute of Technology.
  2004 by Daniel Stenberg et al
matches:
  - score: '100.0'
    start_line: 43
    end_line: 100
    matcher: 2-aho
    rule_length: 454
    matched_length: 454
    match_coverage: '100.0'
    rule_relevance: 100
    identifier: ssleay-windows_8.RULE
    license_expression: ssleay-windows
    is_license_text: yes
    is_license_notice: no
    is_license_reference: no
    is_license_tag: no
    is_license_intro: no
    matched_text: |
      This package is an SSL implementation written
      by Eric Young (eay@cryptsoft.com).

      The implementation was written so as to conform with Netscapes SSL.

      This library is free for commercial and non-commercial use as long as
      the following conditions are adhered to.  The following conditions
      apply to all code found in this distribution, be it the RC4, RSA,
      lhash, DES, etc., code; not just the SSL code.  The SSL documentation
      included with this distribution is covered by the same copyright terms
      except that the holder is Tim Hudson (tjh@cryptsoft.com).

      Copyright remains Eric Young's, and as such any Copyright notices in
      the code are not to be removed.

      If this package is used in a product, Eric Young should be given attribution
      as the author of the parts of the library used.
      This can be in the form of a textual message at program startup or
      in documentation (online or textual) provided with the package.

      Redistribution and use in source and binary forms, with or without
      modification, are permitted provided that the following conditions
      are met:

      1. Redistributions of source code must retain the copyright
         notice, this list of conditions and the following disclaimer.

      2. Redistributions in binary form must reproduce the above copyright
         notice, this list of conditions and the following disclaimer in the
         documentation and/or other materials provided with the distribution.

      3. All advertising materials mentioning features or use of this software
         must display the following acknowledgement:
         "This product includes cryptographic software written by
          Eric Young (eay@cryptsoft.com)"
         The word 'cryptographic' can be left out if the routines from the library
         being used are not cryptographic related :-).

      4. If you include any Windows specific code (or a derivative thereof) from
         the apps directory (application code) you must include an acknowledgement:
         "This product includes software written by Tim Hudson (tjh@cryptsoft.com)"

      THIS SOFTWARE IS PROVIDED BY ERIC YOUNG ``AS IS'' AND
      ANY EXPRESS OR IMPLIED WARRANTIES, INCLUDING, BUT NOT LIMITED TO, THE
      IMPLIED WARRANTIES OF MERCHANTABILITY AND FITNESS FOR A PARTICULAR PURPOSE
      ARE DISCLAIMED.  IN NO EVENT SHALL THE AUTHOR OR CONTRIBUTORS BE LIABLE
      FOR ANY DIRECT, INDIRECT, INCIDENTAL, SPECIAL, EXEMPLARY, OR CONSEQUENTIAL
      DAMAGES (INCLUDING, BUT NOT LIMITED TO, PROCUREMENT OF SUBSTITUTE GOODS
      OR SERVICES; LOSS OF USE, DATA, OR PROFITS; OR BUSINESS INTERRUPTION)
      HOWEVER CAUSED AND ON ANY THEORY OF LIABILITY, WHETHER IN CONTRACT, STRICT
      LIABILITY, OR TORT (INCLUDING NEGLIGENCE OR OTHERWISE) ARISING IN ANY WAY
      OUT OF THE USE OF THIS SOFTWARE, EVEN IF ADVISED OF THE POSSIBILITY OF
      SUCH DAMAGE.

      The licence and distribution terms for any publically available version or
      derivative of this code cannot be changed.  i.e. this code cannot simply be
      copied and put under another distribution licence
      [including the GNU General Public Licence.]
  - score: '100.0'
    start_line: 105
    end_line: 105
    matcher: 2-aho
    rule_length: 3
    matched_length: 3
    match_coverage: '100.0'
    rule_relevance: 100
    identifier: public-domain_125.RULE
    license_expression: public-domain
    is_license_text: yes
    is_license_notice: no
    is_license_reference: no
    is_license_tag: no
    is_license_intro: no
    matched_text: 100% Public Domain,
  - score: '100.0'
    start_line: 116
    end_line: 126
    matcher: 1-hash
    rule_length: 96
    matched_length: 96
    match_coverage: '100.0'
    rule_relevance: 100
    identifier: mit-old-style-no-advert_1.RULE
    license_expression: mit-old-style-no-advert
    is_license_text: yes
    is_license_notice: no
    is_license_reference: no
    is_license_tag: no
    is_license_intro: no
    matched_text: |
      Permission to use, copy, modify, and distribute this
      software and its documentation for any purpose and without
      fee is hereby granted, provided that the above copyright
      notice appear in all copies and that both that copyright
      notice and this permission notice appear in supporting
      documentation, and that the name of M.I.T. not be used in
      advertising or publicity pertaining to distribution of the
      software without specific, written prior permission.
      M.I.T. makes no representations about the suitability of
      this software for any purpose.  It is provided "as is"
      without express or implied warranty.
  - score: '100.0'
    start_line: 129
    end_line: 135
    matcher: 1-hash
    rule_length: 51
    matched_length: 51
    match_coverage: '100.0'
    rule_relevance: 100
    identifier: gpl-2.0_with_openssl-exception-gpl-2.0_9.RULE
    license_expression: gpl-2.0 WITH openssl-exception-gpl-2.0
    is_license_text: no
    is_license_notice: yes
    is_license_reference: no
    is_license_tag: no
    is_license_intro: no
    matched_text: |
      This program is released under the GNU General Public License (GPL),
      version 2, with the explicit exemption that linking with the OpenSSL
      libraries is permitted.

      On Debian GNU/Linux systems, the complete text of the GNU General
      Public License version 2 can be found in
      `/usr/share/common-licenses/GPL-2'.
  - score: '100.0'
    start_line: 137
    end_line: 137
    matcher: 1-hash
    rule_length: 3
    matched_length: 3
    match_coverage: '100.0'
    rule_relevance: 100
    identifier: gpl-2.0_561.RULE
    license_expression: gpl-2.0
    is_license_text: no
    is_license_notice: no
    is_license_reference: no
    is_license_tag: yes
    is_license_intro: no
    matched_text: 'License: gpl-2'
  - score: '100.0'
    start_line: 138
    end_line: 143
    matcher: 1-hash
    rule_length: 39
    matched_length: 39
    match_coverage: '100.0'
    rule_relevance: 100
    identifier: gpl-2.0_1151.RULE
    license_expression: gpl-2.0
    is_license_text: no
    is_license_notice: yes
    is_license_reference: no
    is_license_tag: no
    is_license_intro: no
    matched_text: |
      This program is released under the GNU General Public License (GPL),
      version 2.

      On Debian GNU/Linux systems, the complete text of the GNU General
      Public License version 2 can be found in
      `/usr/share/common-licenses/GPL-2'.
  - score: '100.0'
    start_line: 145
    end_line: 145
    matcher: 1-hash
    rule_length: 3
    matched_length: 3
    match_coverage: '100.0'
    rule_relevance: 100
    identifier: gpl-2.0-plus_22.RULE
    license_expression: gpl-2.0-plus
    is_license_text: no
    is_license_notice: no
    is_license_reference: no
    is_license_tag: yes
    is_license_intro: no
    matched_text: 'License: gpl-2+'
  - score: '100.0'
    start_line: 146
    end_line: 152
    matcher: 1-hash
    rule_length: 50
    matched_length: 50
    match_coverage: '100.0'
    rule_relevance: 100
    identifier: gpl-2.0-plus_841.RULE
    license_expression: gpl-2.0-plus
    is_license_text: no
    is_license_notice: yes
    is_license_reference: no
    is_license_tag: no
    is_license_intro: no
    matched_text: |
      This program is released under the GNU General Public License (GPL),
      either version 2 of the License, or (at your option) any later
      version.

      On Debian GNU/Linux systems, the complete text of the GNU General
      Public License version 2 can be found in
      `/usr/share/common-licenses/GPL-2'.
  - score: '100.0'
    start_line: 154
    end_line: 154
    matcher: 1-hash
    rule_length: 2
    matched_length: 2
    match_coverage: '100.0'
    rule_relevance: 100
    identifier: gpl_72.RULE
    license_expression: gpl-1.0-plus
    is_license_text: no
    is_license_notice: no
    is_license_reference: no
    is_license_tag: yes
    is_license_intro: no
    matched_text: 'License: gpl'
  - score: '100.0'
    start_line: 155
    end_line: 159
    matcher: 1-hash
    rule_length: 39
    matched_length: 39
    match_coverage: '100.0'
    rule_relevance: 100
    identifier: gpl-1.0-plus_465.RULE
    license_expression: gpl-1.0-plus
    is_license_text: no
    is_license_notice: yes
    is_license_reference: no
    is_license_tag: no
    is_license_intro: no
    matched_text: |
      This program is released under the GNU General Public License (GPL).

      On Debian GNU/Linux systems, the complete text of the latest version
      of the GNU General Public License version can be found in
      `/usr/share/common-licenses/GPL'.
  - score: '100.0'
    start_line: 163
    end_line: 179
    matcher: 1-hash
    rule_length: 132
    matched_length: 132
    match_coverage: '100.0'
    rule_relevance: 100
    identifier: zlib.LICENSE
    license_expression: zlib
    is_license_text: yes
    is_license_notice: no
    is_license_reference: no
    is_license_tag: no
    is_license_intro: no
    matched_text: |
      This software is provided 'as-is', without any express or implied
      warranty.  In no event will the authors be held liable for any damages
      arising from the use of this software.

      Permission is granted to anyone to use this software for any purpose,
      including commercial applications, and to alter it and redistribute it
      freely, subject to the following restrictions:

      1. The origin of this software must not be misrepresented; you must not
         claim that you wrote the original software. If you use this software
         in a product, an acknowledgment in the product documentation would be
         appreciated but is not required.

      2. Altered source versions must be plainly marked as such, and must not be
         misrepresented as being the original software.

      3. This notice may not be removed or altered from any source distribution.
  - score: '100.0'
    start_line: 182
    end_line: 207
    matcher: 1-hash
    rule_length: 213
    matched_length: 213
    match_coverage: '100.0'
    rule_relevance: 100
    identifier: bsd-new_66.RULE
    license_expression: bsd-new
    is_license_text: yes
    is_license_notice: no
    is_license_reference: no
    is_license_tag: no
    is_license_intro: no
    matched_text: |
      Redistribution and use in source and binary forms, with or without
      modification, are permitted provided that the following conditions
      are met:

      1. Redistributions of source code must retain the above copyright
         notice, this list of conditions and the following disclaimer.

      2. Redistributions in binary form must reproduce the above copyright
         notice, this list of conditions and the following disclaimer in the
         documentation and/or other materials provided with the distribution.

      3. Neither the name of the project nor the names of its contributors
         may be used to endorse or promote products derived from this software
         without specific prior written permission.

      THIS SOFTWARE IS PROVIDED BY THE PROJECT AND CONTRIBUTORS ``AS IS'' AND
      ANY EXPRESS OR IMPLIED WARRANTIES, INCLUDING, BUT NOT LIMITED TO, THE
      IMPLIED WARRANTIES OF MERCHANTABILITY AND FITNESS FOR A PARTICULAR PURPOSE
      ARE DISCLAIMED.  IN NO EVENT SHALL THE PROJECT OR CONTRIBUTORS BE LIABLE
      FOR ANY DIRECT, INDIRECT, INCIDENTAL, SPECIAL, EXEMPLARY, OR CONSEQUENTIAL
      DAMAGES (INCLUDING, BUT NOT LIMITED TO, PROCUREMENT OF SUBSTITUTE GOODS
      OR SERVICES; LOSS OF USE, DATA, OR PROFITS; OR BUSINESS INTERRUPTION)
      HOWEVER CAUSED AND ON ANY THEORY OF LIABILITY, WHETHER IN CONTRACT, STRICT
      LIABILITY, OR TORT (INCLUDING NEGLIGENCE OR OTHERWISE) ARISING IN ANY WAY
      OUT OF THE USE OF THIS SOFTWARE, EVEN IF ADVISED OF THE POSSIBILITY OF
      SUCH DAMAGE.
  - score: '100.0'
    start_line: 35
    end_line: 36
    matcher: 2-aho
    rule_length: 12
    matched_length: 12
    match_coverage: '100.0'
    rule_relevance: 100
    identifier: gpl-1.0-plus_and_zlib_1.RULE
    license_expression: gpl-1.0-plus AND zlib
    is_license_text: no
    is_license_notice: yes
    is_license_reference: no
    is_license_tag: no
    is_license_intro: no
    matched_text: |
      released under
      the GNU GPL." and then shows the zlib license text.
