{
  "files": [
    {
      "path": "basic.tgz",
      "type": "directory",
      "copyrights": [],
      "holders": [],
      "authors": [],
      "scan_errors": []
    },
    {
      "path": "basic.tgz/basic",
      "type": "directory",
      "copyrights": [],
      "holders": [],
      "authors": [],
      "scan_errors": []
    },
    {
      "path": "basic.tgz/basic/dbase.fdt",
      "type": "file",
      "copyrights": [],
      "holders": [],
      "authors": [],
      "scan_errors": []
    },
    {
      "path": "basic.tgz/basic/dir",
      "type": "directory",
      "copyrights": [],
      "holders": [],
      "authors": [],
      "scan_errors": []
    },
    {
      "path": "basic.tgz/basic/dir/e.tar",
      "type": "file",
      "copyrights": [],
      "holders": [],
      "authors": [],
      "scan_errors": []
    },
    {
      "path": "basic.tgz/basic/dir/subdir",
      "type": "directory",
      "copyrights": [],
      "holders": [],
      "authors": [],
      "scan_errors": []
    },
    {
      "path": "basic.tgz/basic/dir/subdir/a.aif",
      "type": "file",
      "copyrights": [],
      "holders": [],
      "authors": [],
      "scan_errors": []
    },
    {
      "path": "basic.tgz/basic/dir2",
      "type": "directory",
      "copyrights": [],
      "holders": [],
      "authors": [],
      "scan_errors": []
    },
    {
      "path": "basic.tgz/basic/dir2/subdir",
      "type": "directory",
      "copyrights": [],
      "holders": [],
      "authors": [],
      "scan_errors": []
    },
    {
      "path": "basic.tgz/basic/dir2/subdir/config.conf",
      "type": "file",
      "copyrights": [],
      "holders": [],
      "authors": [],
      "scan_errors": []
    },
    {
      "path": "basic.tgz/basic/main.c",
      "type": "file",
      "copyrights": [
        {
          "copyright": "Copyright (c) 2006, Jouni Malinen <j@w1.fi>",
          "start_line": 3,
          "end_line": 3
        }
      ],
      "holders": [
        {
          "holder": "Jouni Malinen",
          "start_line": 3,
          "end_line": 3
        }
      ],
      "authors": [],
      "scan_errors": []
    }
  ]
}