primary_license:
declared_license:
license_expression: lgpl-2.1-plus AND gpl-2.0-plus AND gpl-3.0
copyright: |
  Copyright 2009 Red Hat Inc.
  Copyright (c) 2009 Pierre Chifflier <pollux@debian.org>
matches:
  - score: '100.0'
    start_line: 10
    end_line: 27
    matcher: 2-aho
    rule_length: 126
    matched_length: 126
    match_coverage: '100.0'
    rule_relevance: 100
    identifier: lgpl-2.1-plus_388.RULE
    license_expression: lgpl-2.1-plus
    is_license_text: no
    is_license_notice: yes
    is_license_reference: no
    is_license_tag: no
    is_license_intro: no
    matched_text: "License:\n\n    This library is free software; you can redistribute it and/or\n\
      \    modify it under the terms of the GNU Lesser General Public\n    License as published\
      \ by the Free Software Foundation; either\n    version 2.1 of the License, or (at your\
      \ option) any later version.\n    \n    This library is distributed in the hope that it\
      \ will be useful,\n    but WITHOUT ANY WARRANTY; without even the implied warranty of\n\
      \    MERCHANTABILITY or FITNESS FOR A PARTICULAR PURPOSE.  See the GNU\n    Lesser General\
      \ Public License for more details.\n    \n    You should have received a copy of the GNU\
      \ Lesser General Public\n    License along with this library; if not, write to the Free\
      \ Software\n    Foundation, Inc., 51 Franklin St, Fifth Floor, Boston,\n    MA 02110-1301,\
      \ USA.\n\nsee `/usr/share/common-licenses/LGPL-2.1'."
  - score: '100.0'
    start_line: 30
    end_line: 31
    matcher: 2-aho
    rule_length: 18
    matched_length: 18
    match_coverage: '100.0'
    rule_relevance: 100
    identifier: gpl-2.0-plus_209.RULE
    license_expression: gpl-2.0-plus
    is_license_text: no
    is_license_notice: yes
    is_license_reference: no
    is_license_tag: no
    is_license_intro: no
    matched_text: |
      licensed under the GNU General Public License version 2 or above
      See `/usr/share/common-licenses/GPL-2'.
  - score: '100.0'
    start_line: 37
    end_line: 38
    matcher: 2-aho
    rule_length: 15
    matched_length: 15
    match_coverage: '100.0'
    rule_relevance: 100
    identifier: gpl-3.0_468.RULE
    license_expression: gpl-3.0
    is_license_text: no
    is_license_notice: yes
    is_license_reference: no
    is_license_tag: no
    is_license_intro: no
    matched_text: "and is licensed under the GPL version 3, \nsee `/usr/share/common-licenses/GPL-3'."
