[
  {
    "license_expression": "gpl-2.0",
    "notes": "GPL 2 small change"
  },
  {
    "license_expression": "lzma-sdk-original",
    "notes": "homepage_url"
  },
  {
    "license_expression": "oclc-2.0",
    "notes": "spdx_source_url"
  }
]