primary_license: gpl-2.0
declared_license:
  - GPL-2
  - GPL-2
  - LGPL-2.1
  - GPL-2
  - GPL-2
license_expression: (gpl-2.0 AND gpl-2.0) AND (gpl-2.0 AND gpl-2.0) AND (lgpl-2.1 AND lgpl-2.1)
  AND (gpl-2.0 AND gpl-2.0)
copyright: |
  2012-2016 Steve Grubb <sgrubb@redhat.com>
  2006-2012 Rik Faith
  2007-2009 Marc Alexamder Lehmann
  2005-2008 Steve Grubb <sgrubb@redhat.com>
  2007-2011 Philipp Matthias Hahn <pmhahn@debian.org>
  2012-2016 Laurent Bigonville <bigon@debian.org>
matches:
  - score: '100.0'
    start_line: 16
    end_line: 16
    matcher: 1-hash
    rule_length: 4
    matched_length: 4
    match_coverage: '100.0'
    rule_relevance: 100
    identifier: lgpl-2.1_38.RULE
    license_expression: lgpl-2.1
    is_license_text: no
    is_license_notice: no
    is_license_reference: no
    is_license_tag: yes
    is_license_intro: no
    matched_text: 'License: lgpl-2.1'
  - score: '97.44'
    start_line: 17
    end_line: 21
    matcher: 2-aho
    rule_length: 38
    matched_length: 38
    match_coverage: '100.0'
    rule_relevance: 100
    identifier: lgpl-2.1_372.RULE
    license_expression: lgpl-2.1
    is_license_text: no
    is_license_notice: yes
    is_license_reference: no
    is_license_tag: no
    is_license_intro: no
    matched_text: |
      library [libaudit].* is released under LGPL
       so that it may be linked with 3rd party software.
       .
       On Debian systems, refer to /usr/share/common-licenses/LGPL-2.1
       for the complete text of the GNU Lesser General Public License.
  - score: '100.0'
    start_line: 28
    end_line: 28
    matcher: 1-hash
    rule_length: 3
    matched_length: 3
    match_coverage: '100.0'
    rule_relevance: 100
    identifier: gpl-2.0_561.RULE
    license_expression: gpl-2.0
    is_license_text: no
    is_license_notice: no
    is_license_reference: no
    is_license_tag: yes
    is_license_intro: no
    matched_text: 'License: gpl-2'
  - score: '99.0'
    start_line: 29
    end_line: 43
    matcher: 1-hash
    rule_length: 124
    matched_length: 124
    match_coverage: '100.0'
    rule_relevance: 99
    identifier: gpl-2.0_1031.RULE
    license_expression: gpl-2.0
    is_license_text: no
    is_license_notice: yes
    is_license_reference: no
    is_license_tag: no
    is_license_intro: no
    matched_text: |
      This package is free software; you can redistribute it and/or modify
      it under the terms of the GNU General Public License version 2,
      as published by the Free Software Foundation.

      This package is distributed in the hope that it will be useful,
      but WITHOUT ANY WARRANTY; without even the implied warranty of
      MERCHANTABILITY or FITNESS FOR A PARTICULAR PURPOSE.  See the
      GNU General Public License for more details.

      You should have received a copy of the GNU General Public License
      along with this package; if not, write to the Free Software
      Foundation, Inc., 51 Franklin St, Fifth Floor, Boston, MA  02110-1301 USA

      On Debian systems, the complete text of the GNU General
      Public License can be found in `/usr/share/common-licenses/GPL-1'.
