primary_license: gpl-2.0-plus AND gpl-2.0
declared_license:
  - GPL-2+
  - Expat
  - LGPL-2+
  - LGPL-2.1+
  - GPL-2+
  - Expat
  - LGPL-2+
  - LGPL-2.1+
license_expression: (gpl-2.0-plus AND gpl-2.0-plus AND gpl-2.0) AND mit AND (lgpl-2.0-plus AND
  lgpl-2.0-plus AND lgpl-2.1) AND (lgpl-2.1-plus AND lgpl-2.1-plus AND lgpl-2.1)
copyright: |
  1996-2018 Free Software Foundation, Inc.
  1999-2015 The Gnome Project
  2000-2001 Ximian, Inc.
  2001 Roy-Magne Mo
  2002-2018 Red Hat, Inc.
  2002 Sayed Jaffer Al-Mosawi
  2002 Isam Bayazidi
  2002 Diego Gonzalez
  2003-2012 Novell, Inc.
  2003-2006 Miloslav Trmac
  2003-2005 Sharif FarsiWeb, Inc.
  2003 Sun Microsystems, Inc.
  2003 Arafat Medini
  2003 Nikos Charonitakis
  2003 Hasbullah Bin Pit
  2004-2017 the timezones authors
  2004-2009 The GNOME Foundation
  2004-2006 Adam Weinberger
  2004 Alan Cox
  2004 Abdulaziz Al-Arfaj
  2004 Zuza Software Foundation
  2005-2012 Swecha Telugu Localisation Team
  2005-2012 Canonical Ltd.
  2005-2008 Marcel Holtmann
  2006-2018 Khaled Hosny
  2006-2014 Bastien Nocera
  2006-2008 Lennart Poettering
  2006 Johannes H. Jensen
  2006 Jonh Wendell
  2006 Djihed Afifi
  2006 Lukas Novotny
  2007-2011 Rosetta Contributors
  2007 Anas Husseini
  2007 Ale≈õ Navicki
  2008 William Jon McCann
  2008 Sjoerd Simons
  2009-2013 Intel, Inc.
  2010-2017 Richard Hughes
  2010 Codethink Limited
  2010 Milan Bouchet-Valat
  2010 Iranian Free Software Users Group (IFSUG.org) translation team
  2011-2012 Giovanni Campagna
  2011-2012 Abderrahim Kitouni
  2011-2012 Conor Curran
  2011 Inclusive Design Research Centre, OCAD University
  2011 Gnome Telegu Contributors
  2011 Myanmar L10n Team
  2012 David Henningsson
  2012 Wacom
  2012 Ibrahim Saed
  2012 Thomas Bechtold
  2013 Aleksander Morgado
  2013 Kalev Lember
  2014 Carlos Garnacho
  2016 Endless, Inc.
  2017-2018 Georges Basile Stavracas Neto
  2017 Mohammed Sadiq
  Nuno Pires
  2009-2010 Tias Guns
  2009 Soren Hauberg
  2011-2017 Red Hat, Inc.
  2012 Colin Walters
  2012 Giovanni Campagna
  2017-2018 Red Hat, Inc.
matches:
  - score: '100.0'
    start_line: 105
    end_line: 105
    matcher: 1-hash
    rule_length: 3
    matched_length: 3
    match_coverage: '100.0'
    rule_relevance: 100
    identifier: gpl-2.0-plus_22.RULE
    license_expression: gpl-2.0-plus
    is_license_text: no
    is_license_notice: no
    is_license_reference: no
    is_license_tag: yes
    is_license_intro: no
    matched_text: 'License: gpl-2+'
  - score: '100.0'
    start_line: 106
    end_line: 114
    matcher: 1-hash
    rule_length: 79
    matched_length: 79
    match_coverage: '100.0'
    rule_relevance: 100
    identifier: gpl-2.0-plus_90.RULE
    license_expression: gpl-2.0-plus
    is_license_text: no
    is_license_notice: yes
    is_license_reference: no
    is_license_tag: no
    is_license_intro: no
    matched_text: |
      This program is free software; you can redistribute it and/or modify
       it under the terms of the GNU General Public License as published by
       the Free Software Foundation; either version 2 of the License, or
       (at your option) any later version.
       .
       This program is distributed in the hope that it will be useful,
       but WITHOUT ANY WARRANTY; without even the implied warranty of
       MERCHANTABILITY or FITNESS FOR A PARTICULAR PURPOSE.  See the
       GNU General Public License for more details.
  - score: '100.0'
    start_line: 116
    end_line: 117
    matcher: 1-hash
    rule_length: 22
    matched_length: 22
    match_coverage: '100.0'
    rule_relevance: 100
    identifier: gpl-2.0_1092.RULE
    license_expression: gpl-2.0
    is_license_text: no
    is_license_notice: no
    is_license_reference: yes
    is_license_tag: no
    is_license_intro: no
    matched_text: |
      On Debian systems, the complete text of the GNU General
      Public License can be found in `/usr/share/common-licenses/GPL-2'.
  - score: '100.0'
    start_line: 120
    end_line: 136
    matcher: 1-hash
    rule_length: 161
    matched_length: 161
    match_coverage: '100.0'
    rule_relevance: 100
    identifier: mit.LICENSE
    license_expression: mit
    is_license_text: yes
    is_license_notice: no
    is_license_reference: no
    is_license_tag: no
    is_license_intro: no
    matched_text: |
      Permission is hereby granted, free of charge, to any person obtaining a copy
      of this software and associated documentation files (the "Software"), to deal
      in the Software without restriction, including without limitation the rights
      to use, copy, modify, merge, publish, distribute, sublicense, and/or sell
      copies of the Software, and to permit persons to whom the Software is
      furnished to do so, subject to the following conditions:

      The above copyright notice and this permission notice shall be included in
      all copies or substantial portions of the Software.

      THE SOFTWARE IS PROVIDED "AS IS", WITHOUT WARRANTY OF ANY KIND, EXPRESS OR
      IMPLIED, INCLUDING BUT NOT LIMITED TO THE WARRANTIES OF MERCHANTABILITY,
      FITNESS FOR A PARTICULAR PURPOSE AND NONINFRINGEMENT. IN NO EVENT SHALL THE
      AUTHORS OR COPYRIGHT HOLDERS BE LIABLE FOR ANY CLAIM, DAMAGES OR OTHER
      LIABILITY, WHETHER IN AN ACTION OF CONTRACT, TORT OR OTHERWISE, ARISING FROM,
      OUT OF OR IN CONNECTION WITH THE SOFTWARE OR THE USE OR OTHER DEALINGS IN
      THE SOFTWARE.
  - score: '100.0'
    start_line: 138
    end_line: 138
    matcher: 1-hash
    rule_length: 3
    matched_length: 3
    match_coverage: '100.0'
    rule_relevance: 100
    identifier: lgpl-2.0-plus_61.RULE
    license_expression: lgpl-2.0-plus
    is_license_text: no
    is_license_notice: no
    is_license_reference: no
    is_license_tag: yes
    is_license_intro: no
    matched_text: 'License: lgpl-2+'
  - score: '100.0'
    start_line: 139
    end_line: 147
    matcher: 1-hash
    rule_length: 81
    matched_length: 81
    match_coverage: '100.0'
    rule_relevance: 100
    identifier: lgpl-2.0-plus_530.RULE
    license_expression: lgpl-2.0-plus
    is_license_text: no
    is_license_notice: yes
    is_license_reference: no
    is_license_tag: no
    is_license_intro: no
    matched_text: |
      This library is free software; you can redistribute it and/or
      modify it under the terms of the GNU Lesser General Public
      License as published by the Free Software Foundation; either
      version 2 of the License, or (at your option) any later version.

      This library is distributed in the hope that it will be useful,
      but WITHOUT ANY WARRANTY; without even the implied warranty of
      MERCHANTABILITY or FITNESS FOR A PARTICULAR PURPOSE.  See the GNU
      Lesser General Public License for more details.
  - score: '100.0'
    start_line: 149
    end_line: 150
    matcher: 1-hash
    rule_length: 24
    matched_length: 24
    match_coverage: '100.0'
    rule_relevance: 100
    identifier: lgpl-2.1_385.RULE
    license_expression: lgpl-2.1
    is_license_text: no
    is_license_notice: no
    is_license_reference: yes
    is_license_tag: no
    is_license_intro: no
    matched_text: |
      On Debian systems, the complete text of the GNU Lesser General
      Public License can be found in `/usr/share/common-licenses/LGPL-2.1'.
  - score: '100.0'
    start_line: 152
    end_line: 152
    matcher: 1-hash
    rule_length: 4
    matched_length: 4
    match_coverage: '100.0'
    rule_relevance: 100
    identifier: lgpl-2.1-plus_108.RULE
    license_expression: lgpl-2.1-plus
    is_license_text: no
    is_license_notice: no
    is_license_reference: no
    is_license_tag: yes
    is_license_intro: no
    matched_text: 'License: lgpl-2.1+'
  - score: '100.0'
    start_line: 153
    end_line: 161
    matcher: 1-hash
    rule_length: 82
    matched_length: 82
    match_coverage: '100.0'
    rule_relevance: 100
    identifier: lgpl-2.1-plus_34.RULE
    license_expression: lgpl-2.1-plus
    is_license_text: no
    is_license_notice: yes
    is_license_reference: no
    is_license_tag: no
    is_license_intro: no
    matched_text: |
      This library is free software; you can redistribute it and/or
      modify it under the terms of the GNU Lesser General Public
      License as published by the Free Software Foundation; either
      version 2.1 of the License, or (at your option) any later version.

      This library is distributed in the hope that it will be useful,
      but WITHOUT ANY WARRANTY; without even the implied warranty of
      MERCHANTABILITY or FITNESS FOR A PARTICULAR PURPOSE.  See the GNU
      Lesser General Public License for more details.
  - score: '100.0'
    start_line: 163
    end_line: 164
    matcher: 1-hash
    rule_length: 24
    matched_length: 24
    match_coverage: '100.0'
    rule_relevance: 100
    identifier: lgpl-2.1_385.RULE
    license_expression: lgpl-2.1
    is_license_text: no
    is_license_notice: no
    is_license_reference: yes
    is_license_tag: no
    is_license_intro: no
    matched_text: |
      On Debian systems, the complete text of the GNU Lesser General
      Public License can be found in `/usr/share/common-licenses/LGPL-2.1'.
