primary_license: bsd-new
declared_license:
  - BSD-3-Clause
  - BSD-3-Clause
  - Apache-2.0
  - Expat
  - BSD-2-Clause
  - BSD-3-Clause
  - BSD-3-Clause
  - PSF-baseconv
  - Apache-2.0
  - Expat
  - Expat
  - BSD-3-Clause and Expat
  - BSD-3-Clause
  - BSD-3-Clause
  - Expat
  - Apache-2.0
  - Expat
  - PSF-baseconv
  - BSD-2-Clause
  - BSD-3-Clause
license_expression: bsd-new AND bsd-new AND (apache-2.0 AND apache-2.0 AND apache-2.0) AND mit
  AND bsd-simplified AND bsd-new AND bsd-new AND psf-2.0 AND (apache-2.0 AND apache-2.0 AND
  apache-2.0) AND mit AND mit AND (bsd-new AND mit) AND bsd-new AND bsd-new AND bsd-new AND
  mit
copyright: |
  Django Software Foundation and individual contributors
  2006-2008 Brett Parker <iDunno@sommitrealweird.co.uk>,
  2006-2008, 2010-2015 Raphael Hertzog <hertzog@debian.org>,
  2008 Gustavo Noronha Silva <kov@debian.org>,
  2008 David Spreen <netzwurm@debian.org>,
  2008-2011 Chris Lamb <lamby@debian.org>,
  2013-2015 Luke Faraone <lfaraone@debian.org>,
  2014 Brian May <bam@debian.org>
  Copyright 2011 Google Inc.
  2005, 2014 jQuery Foundation, Inc. and other contributors
  2009 Stanislaus Madueke
  2007 Justin Bronn
  2001-2003 Patrick K. O'Brien and Contributors
  2010 Guilherme Gondim, 2009 Simon Willison, 2002 Drew Perttula
  2007 Google Inc.
  2012 Raymond Hettinger
  2010-2015 Benjamin Peterson
  2004 CherryPy Team <team@cherrypy.org>, 2008 Ian Bicking
  2007 Robert Coup <robert.coup@onetrackmind.co.nz>
  2008 Yahoo! Inc. All rights reserved.
  2010 Gary Wilson Jr. <gary.wilson@gmail.com> and contributors
matches:
  - score: '100.0'
    start_line: 84
    end_line: 84
    matcher: 1-hash
    rule_length: 4
    matched_length: 4
    match_coverage: '100.0'
    rule_relevance: 100
    identifier: apache-2.0_65.RULE
    license_expression: apache-2.0
    is_license_text: no
    is_license_notice: no
    is_license_reference: no
    is_license_tag: yes
    is_license_intro: no
    matched_text: 'License: apache-2.0'
  - score: '100.0'
    start_line: 85
    end_line: 95
    matcher: 2-aho
    rule_length: 85
    matched_length: 85
    match_coverage: '100.0'
    rule_relevance: 100
    identifier: apache-2.0_7.RULE
    license_expression: apache-2.0
    is_license_text: no
    is_license_notice: yes
    is_license_reference: no
    is_license_tag: no
    is_license_intro: no
    matched_text: |
      Licensed under the Apache License, Version 2.0 (the "License");
      you may not use this file except in compliance with the License.
      You may obtain a copy of the License at

      http://www.apache.org/licenses/LICENSE-2.0

      Unless required by applicable law or agreed to in writing, software
      distributed under the License is distributed on an "AS IS" BASIS,
      WITHOUT WARRANTIES OR CONDITIONS OF ANY KIND, either express or implied.
      See the License for the specific language governing permissions and
      limitations under the License.
  - score: '100.0'
    start_line: 97
    end_line: 98
    matcher: 2-aho
    rule_length: 24
    matched_length: 24
    match_coverage: '100.0'
    rule_relevance: 100
    identifier: apache-2.0_865.RULE
    license_expression: apache-2.0
    is_license_text: no
    is_license_notice: no
    is_license_reference: yes
    is_license_tag: no
    is_license_intro: no
    matched_text: |
      On Debian systems, the complete text of the Apache version 2.0 license
      can be found in `/usr/share/common-licenses/Apache-2.0'.
  - score: '100.0'
    start_line: 101
    end_line: 118
    matcher: 1-hash
    rule_length: 161
    matched_length: 161
    match_coverage: '100.0'
    rule_relevance: 100
    identifier: mit.LICENSE
    license_expression: mit
    is_license_text: yes
    is_license_notice: no
    is_license_reference: no
    is_license_tag: no
    is_license_intro: no
    matched_text: |
      Permission is hereby granted, free of charge, to any person obtaining
      a copy of this software and associated documentation files (the
      "Software"), to deal in the Software without restriction, including
      without limitation the rights to use, copy, modify, merge, publish,
      distribute, sublicense, and/or sell copies of the Software, and to
      permit persons to whom the Software is furnished to do so, subject to
      the following conditions:

      The above copyright notice and this permission notice shall be
      included in all copies or substantial portions of the Software.

      THE SOFTWARE IS PROVIDED "AS IS", WITHOUT WARRANTY OF ANY KIND,
      EXPRESS OR IMPLIED, INCLUDING BUT NOT LIMITED TO THE WARRANTIES OF
      MERCHANTABILITY, FITNESS FOR A PARTICULAR PURPOSE AND
      NONINFRINGEMENT. IN NO EVENT SHALL THE AUTHORS OR COPYRIGHT HOLDERS BE
      LIABLE FOR ANY CLAIM, DAMAGES OR OTHER LIABILITY, WHETHER IN AN ACTION
      OF CONTRACT, TORT OR OTHERWISE, ARISING FROM, OUT OF OR IN CONNECTION
      WITH THE SOFTWARE OR THE USE OR OTHER DEALINGS IN THE SOFTWARE.
  - score: '89.1'
    start_line: 121
    end_line: 169
    matcher: 3-seq
    rule_length: 367
    matched_length: 327
    match_coverage: '89.1'
    rule_relevance: 100
    identifier: psf-2.0.LICENSE
    license_expression: psf-2.0
    is_license_text: yes
    is_license_notice: no
    is_license_reference: no
    is_license_tag: no
    is_license_intro: no
    matched_text: |
      PYTHON SOFTWARE FOUNDATION LICENSE VERSION 2
      --------------------------------------------

      1. This LICENSE AGREEMENT is between the [Guilherme] [Gondim], [Simon]
      [Willison] [and] [Drew] [Perttula] ("[Baseconv] [Authors]"), and the Individual or
      Organization ("Licensee") accessing and otherwise using this software
      ("[Baseconv]") in source or binary form and its associated documentation.

      2. Subject to the terms and conditions of this License Agreement,
      [Baseconv] [Authors] hereby grants Licensee a nonexclusive, royalty-free,
      world-wide license to reproduce, analyze, test, perform and/or display
      publicly, prepare derivative works, distribute, and otherwise use
      [Baseconv] alone or in any derivative version, provided, however, that
      [Baseconv] [Authors]'s License Agreement and [Baseconv] [Author]'[s] [notice] [of]
      [copyright], [i].[e]., "[Copyright] ([c]) [2010] [Guilherme] [Gondim].; [Copyright]
      ([c]) [2009] [Simon] [Willison].; [Copyright] ([c]) [2002] [Drew] [Perttula].; All Rights
      Reserved" are retained in [Baseconv] alone or in any derivative version
      prepared by Licensee.

      3. In the event Licensee prepares a derivative work that is based on or
      incorporates [Baseconv] or any part thereof, and wants to make the
      derivative work available to others as provided herein, then Licensee
      hereby agrees to include in any such work a brief summary of the changes
      made to [Baseconv].

      [4]. [Baseconv] [Authors] [is] [making] [Baseconv] available to Licensee on
      an "AS IS" basis.  [BASECONV] [AUTHORS] MAKES NO REPRESENTATIONS OR
      WARRANTIES, EXPRESS OR IMPLIED.  BY WAY OF EXAMPLE, BUT NOT LIMITATION,
      [BASECONV] [AUTHORS] MAKES NO AND DISCLAIMS ANY REPRESENTATION OR
      WARRANTY OF MERCHANTABILITY OR FITNESS FOR ANY PARTICULAR PURPOSE OR
      THAT THE USE OF PYTHON WILL NOT INFRINGE ANY THIRD PARTY RIGHTS.

      5. [BASECONV] [AUTHORS] SHALL NOT BE LIABLE TO LICENSEE OR ANY
      OTHER USERS OF PYTHON FOR ANY INCIDENTAL, SPECIAL, OR CONSEQUENTIAL
      DAMAGES OR LOSS AS A RESULT OF MODIFYING, DISTRIBUTING, OR OTHERWISE
      USING PYTHON, OR ANY DERIVATIVE THEREOF, EVEN IF ADVISED OF THE
      POSSIBILITY THEREOF.

      6. This License Agreement will automatically terminate upon a material
      breach of its terms and conditions.

      7. Nothing in this License Agreement shall be deemed to create any
      relationship of agency, partnership, or joint venture between [Baseconv]
      [Authors] and Licensee.  This License Agreement does not grant permission
      to use [Baseconv] [Authors] trademarks or trade name in a trademark sense to
      endorse or promote products or services of Licensee, or any third party.

      8. By copying, installing or otherwise using [Baseconv], Licensee agrees
      to be bound by the terms and conditions of this License Agreement.
  - score: '100.0'
    start_line: 172
    end_line: '191'
    matcher: 1-hash
    rule_length: 185
    matched_length: 185
    match_coverage: '100.0'
    rule_relevance: 100
    identifier: bsd-simplified_16.RULE
    license_expression: bsd-simplified
    is_license_text: yes
    is_license_notice: no
    is_license_reference: no
    is_license_tag: no
    is_license_intro: no
    matched_text: |
      Redistribution and use in source and binary forms, with or without
      modification, are permitted provided that the following conditions are met:

         1. Redistributions of source code must retain the above copyright notice,
            this list of conditions and the following disclaimer.

         2. Redistributions in binary form must reproduce the above copyright
            notice, this list of conditions and the following disclaimer in the
            documentation and/or other materials provided with the distribution.

      THIS SOFTWARE IS PROVIDED BY THE COPYRIGHT HOLDERS AND CONTRIBUTORS "AS IS"
      AND ANY EXPRESS OR IMPLIED WARRANTIES, INCLUDING, BUT NOT LIMITED TO, THE
      IMPLIED WARRANTIES OF MERCHANTABILITY AND FITNESS FOR A PARTICULAR PURPOSE ARE
      DISCLAIMED. IN NO EVENT SHALL THE COPYRIGHT HOLDER OR CONTRIBUTORS BE LIABLE
      FOR ANY DIRECT, INDIRECT, INCIDENTAL, SPECIAL, EXEMPLARY, OR CONSEQUENTIAL
      DAMAGES (INCLUDING, BUT NOT LIMITED TO, PROCUREMENT OF SUBSTITUTE GOODS OR
      SERVICES; LOSS OF USE, DATA, OR PROFITS; OR BUSINESS INTERRUPTION) HOWEVER
      CAUSED AND ON ANY THEORY OF LIABILITY, WHETHER IN CONTRACT, STRICT LIABILITY,
      OR TORT (INCLUDING NEGLIGENCE OR OTHERWISE) ARISING IN ANY WAY OUT OF THE USE
      OF THIS SOFTWARE, EVEN IF ADVISED OF THE POSSIBILITY OF SUCH DAMAGE.
  - score: '100.0'
    start_line: '194'
    end_line: 217
    matcher: 1-hash
    rule_length: 214
    matched_length: 214
    match_coverage: '100.0'
    rule_relevance: 100
    identifier: bsd-new_1072.RULE
    license_expression: bsd-new
    is_license_text: yes
    is_license_notice: no
    is_license_reference: no
    is_license_tag: no
    is_license_intro: no
    matched_text: |
      Redistribution and use in source and binary forms, with or without
      modification, are permitted provided that the following conditions are met:

         1. Redistributions of source code must retain the above copyright notice,
            this list of conditions and the following disclaimer.

         2. Redistributions in binary form must reproduce the above copyright
            notice, this list of conditions and the following disclaimer in the
            documentation and/or other materials provided with the distribution.

         3. Neither the name of <NAME> nor the names of its contributors may be use
            to endorse or promote products derived from this software without
            specific prior written permission.

      THIS SOFTWARE IS PROVIDED BY THE COPYRIGHT HOLDERS AND CONTRIBUTORS "AS IS"
      AND ANY EXPRESS OR IMPLIED WARRANTIES, INCLUDING, BUT NOT LIMITED TO, THE
      IMPLIED WARRANTIES OF MERCHANTABILITY AND FITNESS FOR A PARTICULAR PURPOSE ARE
      DISCLAIMED. IN NO EVENT SHALL THE COPYRIGHT HOLDER OR CONTRIBUTORS BE LIABLE
      FOR ANY DIRECT, INDIRECT, INCIDENTAL, SPECIAL, EXEMPLARY, OR CONSEQUENTIAL
      DAMAGES (INCLUDING, BUT NOT LIMITED TO, PROCUREMENT OF SUBSTITUTE GOODS OR
      SERVICES; LOSS OF USE, DATA, OR PROFITS; OR BUSINESS INTERRUPTION) HOWEVER
      CAUSED AND ON ANY THEORY OF LIABILITY, WHETHER IN CONTRACT, STRICT LIABILITY,
      OR TORT (INCLUDING NEGLIGENCE OR OTHERWISE) ARISING IN ANY WAY OUT OF THE USE
      OF THIS SOFTWARE, EVEN IF ADVISED OF THE POSSIBILITY OF SUCH DAMAGE.
  - score: '99.0'
    start_line: 76
    end_line: 76
    matcher: 2-aho
    rule_length: 5
    matched_length: 5
    match_coverage: '100.0'
    rule_relevance: 99
    identifier: bsd-new_509.RULE
    license_expression: bsd-new
    is_license_text: no
    is_license_notice: no
    is_license_reference: yes
    is_license_tag: no
    is_license_intro: no
    matched_text: Software License Agreement (BSD License),
