primary_license:
declared_license:
license_expression: gpl-3.0-plus AND gfdl-1.3-plus
copyright: |
  Copyright (c) 1988-1996, 1998, 2001-2002, 2004, 2006-2007, 2009-2013, 2015-2018 Free Software Foundation, Inc.
  Copyright (c) 1992-1994, 1998, 2001-2002, 2004, 2006, 2009-2018 Free Software Foundation, Inc.
matches:
  - score: '100.0'
    start_line: 18
    end_line: 29
    matcher: 2-aho
    rule_length: 100
    matched_length: 100
    match_coverage: '100.0'
    rule_relevance: 100
    identifier: gpl-3.0-plus_234.RULE
    license_expression: gpl-3.0-plus
    is_license_text: no
    is_license_notice: yes
    is_license_reference: no
    is_license_tag: no
    is_license_intro: no
    matched_text: |
      This program is free software: you can redistribute it and/or modify
        it under the terms of the GNU General Public License as published by
        the Free Software Foundation, either version 3 of the License, or
        (at your option) any later version.

        This program is distributed in the hope that it will be useful,
        but WITHOUT ANY WARRANTY; without even the implied warranty of
        MERCHANTABILITY or FITNESS FOR A PARTICULAR PURPOSE.  See the
        GNU General Public License for more details.

      On Debian systems, the complete text of the GNU General Public License
      may be found in `/usr/share/common-licenses/GPL'.
  - score: '100.0'
    start_line: 38
    end_line: 44
    matcher: 2-aho
    rule_length: 67
    matched_length: 67
    match_coverage: '100.0'
    rule_relevance: 100
    identifier: gfdl-1.3-plus_3.RULE
    license_expression: gfdl-1.3-plus
    is_license_text: no
    is_license_notice: yes
    is_license_reference: no
    is_license_tag: no
    is_license_intro: no
    matched_text: |
      Permission is granted to copy, distribute and/or modify this document
        under the terms of the GNU Free Documentation License, Version 1.3 or
        any later version published by the Free Software Foundation; with no
        Invariant Sections, no Front-Cover Texts, and no Back-Cover Texts.

      On Debian systems, the complete text of the GNU Free Documentation
      License may be found in `/usr/share/common-licenses/GFDL'.
