{
  "files": [
    {
      "path": "errors/many_copyrights.c",
      "type": "file",
      "name": "many_copyrights.c",
      "base_name": "many_copyrights",
      "extension": ".c",
      "size": 14056,
      "sha1": "71551d028e1a732d23d8ddafd2fa3493456c5719",
      "md5": "682cfd155c73a9129591b05a9eb95eca",
      "mime_type": "text/plain",
      "file_type": "UTF-8 Unicode text",
      "programming_language": "C++",
      "is_binary": false,
      "is_text": true,
      "is_archive": false,
      "is_media": false,
      "is_source": true,
      "is_script": false,
      "copyrights": [
        {
          "copyright": "Copyright (c) 2000 ACME, Inc.",
          "start_line": 1,
          "end_line": 1
        }
      ],
      "holders": [
        {
          "holder": "ACME, Inc.",
          "start_line": 1,
          "end_line": 1
        }
      ],
      "authors": [],
      "emails": [],
      "files_count": 0,
      "dirs_count": 0,
      "size_count": 0,
      "scan_errors": [
        "ERROR: for scanner: emails:\nERROR: Processing interrupted: timeout after 0 seconds."
      ]
    }
  ]
}