FontName: LiberationMono-Italic
FullName: Liberation Mono Italic
FamilyName: Liberation Mono
Copyright: Digitized data copyright (c) 2010 Google Corporation.\nCopyright (c) 2012 Red Hat, Inc.
Version: 2.00.1
LangName: 1033 "" "" "" "Ascender - Liberation Mono" "" "Version 2.00.1" "" "Liberation is a trademark of Red Hat, Inc. registered in U.S. Patent and Trademark Office and certain other jurisdictions." "Ascender Corporation" "Steve Matteson" "Based on Cousine, which was designed by Steve Matteson as an innovative, refreshing sans serif design that is metrically compatible with Courier New+ISIA. Cousine offers improved on-screen readability characteristics and the pan-European WGL character set and solves the needs of developers looking for width-compatible fonts to address document portability across platforms." "http://www.ascendercorp.com/" "http://www.ascendercorp.com/typedesigners.html" "Licensed under the SIL Open Font License, Version 1.1" "http://scripts.sil.org/OFL" 
