primary_license: gpl-2.0-plus AND gpl-2.0
declared_license:
  - GPL-2+
  - LGPL-2+
license_expression: (gpl-2.0-plus AND gpl-2.0-plus AND gpl-2.0) AND gpl-2.0 AND (lgpl-2.0-plus
  AND lgpl-2.1-plus) AND lgpl-2.1-plus
copyright: |
  Copyright © 2000-2008 Silicon Graphics, Inc.
  Copyright © 1999-2001,2007-2009 Andreas Gruenbacher
  Copyright © 2001-2002 Silicon Graphics, Inc.
  Copyright © 1999-2003,2007,2009,2011 Andreas Gruenbacher
matches:
  - score: '100.0'
    start_line: 8
    end_line: 8
    matcher: 1-hash
    rule_length: 3
    matched_length: 3
    match_coverage: '100.0'
    rule_relevance: 100
    identifier: gpl-2.0-plus_22.RULE
    license_expression: gpl-2.0-plus
    is_license_text: no
    is_license_notice: no
    is_license_reference: no
    is_license_tag: yes
    is_license_intro: no
    matched_text: 'License: gpl-2+'
  - score: '100.0'
    start_line: 9
    end_line: 20
    matcher: 1-hash
    rule_length: 102
    matched_length: 102
    match_coverage: '100.0'
    rule_relevance: 100
    identifier: gpl-2.0-plus_860.RULE
    license_expression: gpl-2.0-plus
    is_license_text: no
    is_license_notice: yes
    is_license_reference: no
    is_license_tag: no
    is_license_intro: no
    matched_text: |
      This program is free software: you can redistribute it and/or modify it
      under the terms of the GNU General Public License as published by
      the Free Software Foundation, either version 2 of the License, or
      (at your option) any later version.

      This program is distributed in the hope that it will be useful,
      but WITHOUT ANY WARRANTY; without even the implied warranty of
      MERCHANTABILITY or FITNESS FOR A PARTICULAR PURPOSE.  See the
      GNU General Public License for more details.

      You should have received a copy of the GNU General Public License
      along with this program.  If not, see <https://www.gnu.org/licenses/>.
  - score: '100.0'
    start_line: 22
    end_line: 23
    matcher: 1-hash
    rule_length: 22
    matched_length: 22
    match_coverage: '100.0'
    rule_relevance: 100
    identifier: gpl-2.0_1160.RULE
    license_expression: gpl-2.0
    is_license_text: no
    is_license_notice: no
    is_license_reference: yes
    is_license_tag: no
    is_license_intro: no
    matched_text: |
      On Debian systems, the full text of the GNU General Public License
      can be found in '/usr/share/common-licenses/GPL-2'.
  - score: '100.0'
    start_line: 39
    end_line: 39
    matcher: 1-hash
    rule_length: 3
    matched_length: 3
    match_coverage: '100.0'
    rule_relevance: 100
    identifier: lgpl-2.0-plus_61.RULE
    license_expression: lgpl-2.0-plus
    is_license_text: no
    is_license_notice: no
    is_license_reference: no
    is_license_tag: yes
    is_license_intro: no
    matched_text: 'License: lgpl-2+'
  - score: '100.0'
    start_line: 40
    end_line: 51
    matcher: 1-hash
    rule_length: 106
    matched_length: 106
    match_coverage: '100.0'
    rule_relevance: 100
    identifier: lgpl-2.1-plus_306.RULE
    license_expression: lgpl-2.1-plus
    is_license_text: no
    is_license_notice: yes
    is_license_reference: no
    is_license_tag: no
    is_license_intro: no
    matched_text: |
      This program is free software: you can redistribute it and/or modify it
      under the terms of the GNU Lesser General Public License as published by
      the Free Software Foundation, either version 2.1 of the License, or
      (at your option) any later version.

      This program is distributed in the hope that it will be useful,
      but WITHOUT ANY WARRANTY; without even the implied warranty of
      MERCHANTABILITY or FITNESS FOR A PARTICULAR PURPOSE.  See the
      GNU Lesser General Public License for more details.

      You should have received a copy of the GNU Lesser General Public License
      along with this program.  If not, see <https://www.gnu.org/licenses/>.
  - score: '100.0'
    start_line: 22
    end_line: 23
    matcher: 1-hash
    rule_length: 22
    matched_length: 22
    match_coverage: '100.0'
    rule_relevance: 100
    identifier: gpl-2.0_1160.RULE
    license_expression: gpl-2.0
    is_license_text: no
    is_license_notice: no
    is_license_reference: yes
    is_license_tag: no
    is_license_intro: no
    matched_text: |
      On Debian systems, the full text of the GNU General Public License
      can be found in '/usr/share/common-licenses/GPL-2'.
  - score: '100.0'
    start_line: 53
    end_line: 54
    matcher: 1-hash
    rule_length: 24
    matched_length: 24
    match_coverage: '100.0'
    rule_relevance: 100
    identifier: lgpl-2.1-plus_325.RULE
    license_expression: lgpl-2.1-plus
    is_license_text: no
    is_license_notice: no
    is_license_reference: yes
    is_license_tag: no
    is_license_intro: no
    matched_text: |
      On Debian systems, the full text of the GNU Lesser General Public License
      can be found in '/usr/share/common-licenses/LGPL-2.1'.
