{
  "Full Version": null,
  "ProductVersion": "10.0.17763.1",
  "FileVersion": "10.0.17763.1 (WinBuild.160101.0800)",
  "Assembly Version": null,
  "BuildDate": null,
  "ProductName": "Microsoft\u00ae Windows\u00ae Operating System",
  "OriginalFilename": "CHCP.COM",
  "InternalName": "chcp",
  "License": null,
  "LegalCopyright": "\u00a9 Microsoft Corporation. All rights reserved.",
  "LegalTrademarks": null,
  "LegalTrademarks1": null,
  "LegalTrademarks2": null,
  "LegalTrademarks3": null,
  "FileDescription": "Change CodePage Utility",
  "Comments": null,
  "CompanyName": "Microsoft Corporation",
  "Company": null,
  "URL": null,
  "WWW": null,
  "extra_data": {}
}