{
  "Full Version": null,
  "ProductVersion": null,
  "FileVersion": null,
  "Assembly Version": null,
  "BuildDate": null,
  "ProductName": null,
  "OriginalFilename": null,
  "InternalName": null,
  "License": null,
  "LegalCopyright": null,
  "LegalTrademarks": null,
  "LegalTrademarks1": null,
  "LegalTrademarks2": null,
  "LegalTrademarks3": null,
  "FileDescription": null,
  "Comments": null,
  "CompanyName": null,
  "Company": null,
  "URL": null,
  "WWW": null,
  "extra_data": {}
}