{
  "Full Version": null,
  "ProductVersion": "0.14.4.1952",
  "FileVersion": "0.14.4.1952",
  "Assembly Version": null,
  "BuildDate": null,
  "ProductName": "GetText",
  "OriginalFilename": "libintl3.dll",
  "InternalName": "libintl3",
  "License": "This program is free software; you can redistribute it and/or modify it under the terms of the GNU General Public License;see www.gnu.org/copyleft/gpl.html.",
  "LegalCopyright": "\u00a9 2005 Free Software Foundation <www.fsf.org>",
  "LegalTrademarks": "GNU\u00ae, GetText\u00ae, libintl3\u00ae",
  "LegalTrademarks1": null,
  "LegalTrademarks2": null,
  "LegalTrademarks3": null,
  "FileDescription": "GetText: library and tools for native language support",
  "Comments": null,
  "CompanyName": "GNU <www.gnu.org>",
  "Company": null,
  "URL": null,
  "WWW": "http://www.gnu.org/software/gettext/gettext.html",
  "extra_data": {
    "LibToolFileVersion": "7:0:4",
    "SpecialBuild": "GNU for Win32 <gnuwin32.sourceforge.net>"
  }
}