{
  "dependencies": [],
  "packages": [],
  "summary": {
    "declared_license_expression": "apache-2.0 AND mit",
    "license_clarity_score": {
      "score": 70,
      "declared_license": true,
      "identification_precision": true,
      "has_license_text": true,
      "declared_copyrights": true,
      "conflicting_license_categories": true,
      "ambiguous_compound_licensing": true
    },
    "declared_holder": "Example Corp.",
    "primary_language": "Python",
    "other_license_expressions": [
      {
        "value": "apache-2.0",
        "count": 2
      },
      {
        "value": "apache-2.0 OR mit",
        "count": 1
      },
      {
        "value": "gpl-1.0-plus",
        "count": 1
      },
      {
        "value": "gpl-2.0",
        "count": 1
      },
      {
        "value": "gpl-2.0-plus",
        "count": 1
      },
      {
        "value": "mit",
        "count": 1
      }
    ],
    "other_holders": [
      {
        "value": null,
        "count": 2
      },
      {
        "value": "Other Corp.",
        "count": 1
      }
    ],
    "other_languages": []
  },
  "files": [
    {
      "path": "codebase",
      "type": "directory",
      "name": "codebase",
      "base_name": "codebase",
      "extension": "",
      "size": 0,
      "sha1": null,
      "md5": null,
      "sha256": null,
      "mime_type": null,
      "file_type": null,
      "programming_language": null,
      "is_binary": false,
      "is_text": false,
      "is_archive": false,
      "is_media": false,
      "is_source": false,
      "is_script": false,
      "licenses": [],
      "license_expressions": [],
      "percentage_of_license_text": 0,
      "copyrights": [],
      "holders": [],
      "authors": [],
      "package_data": [],
      "for_packages": [],
      "is_legal": false,
      "is_manifest": false,
      "is_readme": false,
      "is_top_level": true,
      "is_key_file": false,
      "files_count": 5,
      "dirs_count": 2,
      "size_count": 11417,
      "scan_errors": []
    },
    {
      "path": "codebase/README.txt",
      "type": "file",
      "name": "README.txt",
      "base_name": "README",
      "extension": ".txt",
      "size": 36,
      "sha1": "2daf15d1a99a13f9a0aa55f82c26c501d195b1d4",
      "md5": "1c417a6dead913d0a186f4551799cec6",
      "sha256": "eb5e2ed1da7b1af141db3c3970d5485aaa985048be3250c89cb27889050c5bdd",
      "mime_type": "text/plain",
      "file_type": "ASCII text",
      "programming_language": null,
      "is_binary": false,
      "is_text": true,
      "is_archive": false,
      "is_media": false,
      "is_source": false,
      "is_script": false,
      "licenses": [],
      "license_expressions": [],
      "percentage_of_license_text": 0,
      "copyrights": [
        {
          "copyright": "Copyright Example Corp.",
          "start_line": 3,
          "end_line": 3
        }
      ],
      "holders": [
        {
          "holder": "Example Corp.",
          "start_line": 3,
          "end_line": 3
        }
      ],
      "authors": [],
      "package_data": [],
      "for_packages": [],
      "is_legal": false,
      "is_manifest": false,
      "is_readme": true,
      "is_top_level": true,
      "is_key_file": true,
      "files_count": 0,
      "dirs_count": 0,
      "size_count": 0,
      "scan_errors": []
    },
    {
      "path": "codebase/apache-2.0.LICENSE",
      "type": "file",
      "name": "apache-2.0.LICENSE",
      "base_name": "apache-2.0",
      "extension": ".LICENSE",
      "size": 10173,
      "sha1": "a6a5418b4d67d9f3a33cbf184b25ac7f9fa87d33",
      "md5": "e23fadd6ceef8c618fc1c65191d846fa",
      "sha256": "a6cba85bc92e0cff7a450b1d873c0eaa2e9fc96bf472df0247a26bec77bf3ff9",
      "mime_type": "text/plain",
      "file_type": "ASCII text",
      "programming_language": null,
      "is_binary": false,
      "is_text": true,
      "is_archive": false,
      "is_media": false,
      "is_source": false,
      "is_script": false,
      "licenses": [
        {
          "key": "apache-2.0",
          "score": 100.0,
          "name": "Apache License 2.0",
          "short_name": "Apache 2.0",
          "category": "Permissive",
          "is_exception": false,
          "is_unknown": false,
          "owner": "Apache Software Foundation",
          "homepage_url": "http://www.apache.org/licenses/",
          "text_url": "http://www.apache.org/licenses/LICENSE-2.0",
          "reference_url": "https://scancode-licensedb.aboutcode.org/apache-2.0",
          "scancode_text_url": "https://github.com/nexB/scancode-toolkit/tree/develop/src/licensedcode/data/licenses/apache-2.0.LICENSE",
          "scancode_data_url": "https://github.com/nexB/scancode-toolkit/tree/develop/src/licensedcode/data/licenses/apache-2.0.yml",
          "spdx_license_key": "Apache-2.0",
          "spdx_url": "https://spdx.org/licenses/Apache-2.0",
          "start_line": 1,
          "end_line": 176,
          "matched_rule": {
            "identifier": "apache-2.0_93.RULE",
            "license_expression": "apache-2.0",
            "licenses": [
              "apache-2.0"
            ],
            "referenced_filenames": [],
            "is_license_text": true,
            "is_license_notice": false,
            "is_license_reference": false,
            "is_license_tag": false,
            "is_license_intro": false,
            "has_unknown": false,
            "matcher": "1-hash",
            "rule_length": 1410,
            "matched_length": 1410,
            "match_coverage": 100.0,
            "rule_relevance": 100
          }
        }
      ],
      "license_expressions": [
        "apache-2.0"
      ],
      "percentage_of_license_text": 100.0,
      "copyrights": [],
      "holders": [],
      "authors": [],
      "package_data": [],
      "for_packages": [],
      "is_legal": true,
      "is_manifest": false,
      "is_readme": false,
      "is_top_level": true,
      "is_key_file": true,
      "files_count": 0,
      "dirs_count": 0,
      "size_count": 0,
      "scan_errors": []
    },
    {
      "path": "codebase/mit.LICENSE",
      "type": "file",
      "name": "mit.LICENSE",
      "base_name": "mit",
      "extension": ".LICENSE",
      "size": 1022,
      "sha1": "d162bf6d725758cf35e4b4e49db3750e85bc98a0",
      "md5": "8d18be6409468bae48b33b87db85824a",
      "sha256": "17eeb111a052462b64de9a5a56983f8d732922d8666ecbf20ede8f776b4c4df4",
      "mime_type": "text/plain",
      "file_type": "ASCII text",
      "programming_language": null,
      "is_binary": false,
      "is_text": true,
      "is_archive": false,
      "is_media": false,
      "is_source": false,
      "is_script": false,
      "licenses": [
        {
          "key": "mit",
          "score": 100.0,
          "name": "MIT License",
          "short_name": "MIT License",
          "category": "Permissive",
          "is_exception": false,
          "is_unknown": false,
          "owner": "MIT",
          "homepage_url": "http://opensource.org/licenses/mit-license.php",
          "text_url": "http://opensource.org/licenses/mit-license.php",
          "reference_url": "https://scancode-licensedb.aboutcode.org/mit",
          "scancode_text_url": "https://github.com/nexB/scancode-toolkit/tree/develop/src/licensedcode/data/licenses/mit.LICENSE",
          "scancode_data_url": "https://github.com/nexB/scancode-toolkit/tree/develop/src/licensedcode/data/licenses/mit.yml",
          "spdx_license_key": "MIT",
          "spdx_url": "https://spdx.org/licenses/MIT",
          "start_line": 1,
          "end_line": 18,
          "matched_rule": {
            "identifier": "mit.LICENSE",
            "license_expression": "mit",
            "licenses": [
              "mit"
            ],
            "referenced_filenames": [],
            "is_license_text": true,
            "is_license_notice": false,
            "is_license_reference": false,
            "is_license_tag": false,
            "is_license_intro": false,
            "has_unknown": false,
            "matcher": "1-hash",
            "rule_length": 161,
            "matched_length": 161,
            "match_coverage": 100.0,
            "rule_relevance": 100
          }
        }
      ],
      "license_expressions": [
        "mit"
      ],
      "percentage_of_license_text": 100.0,
      "copyrights": [],
      "holders": [],
      "authors": [],
      "package_data": [],
      "for_packages": [],
      "is_legal": true,
      "is_manifest": false,
      "is_readme": false,
      "is_top_level": true,
      "is_key_file": true,
      "files_count": 0,
      "dirs_count": 0,
      "size_count": 0,
      "scan_errors": []
    },
    {
      "path": "codebase/src",
      "type": "directory",
      "name": "src",
      "base_name": "src",
      "extension": "",
      "size": 0,
      "sha1": null,
      "md5": null,
      "sha256": null,
      "mime_type": null,
      "file_type": null,
      "programming_language": null,
      "is_binary": false,
      "is_text": false,
      "is_archive": false,
      "is_media": false,
      "is_source": false,
      "is_script": false,
      "licenses": [],
      "license_expressions": [],
      "percentage_of_license_text": 0,
      "copyrights": [],
      "holders": [],
      "authors": [],
      "package_data": [],
      "for_packages": [],
      "is_legal": false,
      "is_manifest": false,
      "is_readme": false,
      "is_top_level": true,
      "is_key_file": false,
      "files_count": 1,
      "dirs_count": 0,
      "size_count": 119,
      "scan_errors": []
    },
    {
      "path": "codebase/src/a.py",
      "type": "file",
      "name": "a.py",
      "base_name": "a",
      "extension": ".py",
      "size": 119,
      "sha1": "55c475daa8f6c7bf1837a32834ba8d236d67b2e0",
      "md5": "e2b1dd2987670abf43bc0d9e990b6b06",
      "sha256": "339b9cacc68a4b73fcae5ac1b71a7229eadec02894934b690153a5fa0bb1eb72",
      "mime_type": "text/x-script.python",
      "file_type": "Python script, ASCII text executable",
      "programming_language": "Python",
      "is_binary": false,
      "is_text": true,
      "is_archive": false,
      "is_media": false,
      "is_source": true,
      "is_script": true,
      "licenses": [
        {
          "key": "apache-2.0",
          "score": 80.0,
          "name": "Apache License 2.0",
          "short_name": "Apache 2.0",
          "category": "Permissive",
          "is_exception": false,
          "is_unknown": false,
          "owner": "Apache Software Foundation",
          "homepage_url": "http://www.apache.org/licenses/",
          "text_url": "http://www.apache.org/licenses/LICENSE-2.0",
          "reference_url": "https://scancode-licensedb.aboutcode.org/apache-2.0",
          "scancode_text_url": "https://github.com/nexB/scancode-toolkit/tree/develop/src/licensedcode/data/licenses/apache-2.0.LICENSE",
          "scancode_data_url": "https://github.com/nexB/scancode-toolkit/tree/develop/src/licensedcode/data/licenses/apache-2.0.yml",
          "spdx_license_key": "Apache-2.0",
          "spdx_url": "https://spdx.org/licenses/Apache-2.0",
          "start_line": 3,
          "end_line": 3,
          "matched_rule": {
            "identifier": "apache-2.0_73.RULE",
            "license_expression": "apache-2.0",
            "licenses": [
              "apache-2.0"
            ],
            "referenced_filenames": [],
            "is_license_text": false,
            "is_license_notice": false,
            "is_license_reference": true,
            "is_license_tag": false,
            "is_license_intro": false,
            "has_unknown": false,
            "matcher": "2-aho",
            "rule_length": 4,
            "matched_length": 4,
            "match_coverage": 100.0,
            "rule_relevance": 80
          }
        },
        {
          "key": "apache-2.0",
          "score": 100.0,
          "name": "Apache License 2.0",
          "short_name": "Apache 2.0",
          "category": "Permissive",
          "is_exception": false,
          "is_unknown": false,
          "owner": "Apache Software Foundation",
          "homepage_url": "http://www.apache.org/licenses/",
          "text_url": "http://www.apache.org/licenses/LICENSE-2.0",
          "reference_url": "https://scancode-licensedb.aboutcode.org/apache-2.0",
          "scancode_text_url": "https://github.com/nexB/scancode-toolkit/tree/develop/src/licensedcode/data/licenses/apache-2.0.LICENSE",
          "scancode_data_url": "https://github.com/nexB/scancode-toolkit/tree/develop/src/licensedcode/data/licenses/apache-2.0.yml",
          "spdx_license_key": "Apache-2.0",
          "spdx_url": "https://spdx.org/licenses/Apache-2.0",
          "start_line": 3,
          "end_line": 3,
          "matched_rule": {
            "identifier": "apache-2.0_or_mit_36.RULE",
            "license_expression": "apache-2.0 OR mit",
            "licenses": [
              "apache-2.0",
              "mit"
            ],
            "referenced_filenames": [],
            "is_license_text": false,
            "is_license_notice": false,
            "is_license_reference": true,
            "is_license_tag": false,
            "is_license_intro": false,
            "has_unknown": false,
            "matcher": "2-aho",
            "rule_length": 5,
            "matched_length": 5,
            "match_coverage": 100.0,
            "rule_relevance": 100
          }
        },
        {
          "key": "mit",
          "score": 100.0,
          "name": "MIT License",
          "short_name": "MIT License",
          "category": "Permissive",
          "is_exception": false,
          "is_unknown": false,
          "owner": "MIT",
          "homepage_url": "http://opensource.org/licenses/mit-license.php",
          "text_url": "http://opensource.org/licenses/mit-license.php",
          "reference_url": "https://scancode-licensedb.aboutcode.org/mit",
          "scancode_text_url": "https://github.com/nexB/scancode-toolkit/tree/develop/src/licensedcode/data/licenses/mit.LICENSE",
          "scancode_data_url": "https://github.com/nexB/scancode-toolkit/tree/develop/src/licensedcode/data/licenses/mit.yml",
          "spdx_license_key": "MIT",
          "spdx_url": "https://spdx.org/licenses/MIT",
          "start_line": 3,
          "end_line": 3,
          "matched_rule": {
            "identifier": "apache-2.0_or_mit_36.RULE",
            "license_expression": "apache-2.0 OR mit",
            "licenses": [
              "apache-2.0",
              "mit"
            ],
            "referenced_filenames": [],
            "is_license_text": false,
            "is_license_notice": false,
            "is_license_reference": true,
            "is_license_tag": false,
            "is_license_intro": false,
            "has_unknown": false,
            "matcher": "2-aho",
            "rule_length": 5,
            "matched_length": 5,
            "match_coverage": 100.0,
            "rule_relevance": 100
          }
        }
      ],
      "license_expressions": [
        "apache-2.0",
        "apache-2.0 OR mit"
      ],
      "percentage_of_license_text": 44.44,
      "copyrights": [
        {
          "copyright": "Copyright Example Corp",
          "start_line": 1,
          "end_line": 1
        },
        {
          "copyright": "Copyright Other Corp.",
          "start_line": 2,
          "end_line": 2
        }
      ],
      "holders": [
        {
          "holder": "Example Corp",
          "start_line": 1,
          "end_line": 1
        },
        {
          "holder": "Other Corp.",
          "start_line": 2,
          "end_line": 2
        }
      ],
      "authors": [],
      "package_data": [],
      "for_packages": [],
      "is_legal": false,
      "is_manifest": false,
      "is_readme": false,
      "is_top_level": false,
      "is_key_file": false,
      "files_count": 0,
      "dirs_count": 0,
      "size_count": 0,
      "scan_errors": []
    },
    {
      "path": "codebase/tests",
      "type": "directory",
      "name": "tests",
      "base_name": "tests",
      "extension": "",
      "size": 0,
      "sha1": null,
      "md5": null,
      "sha256": null,
      "mime_type": null,
      "file_type": null,
      "programming_language": null,
      "is_binary": false,
      "is_text": false,
      "is_archive": false,
      "is_media": false,
      "is_source": false,
      "is_script": false,
      "licenses": [],
      "license_expressions": [],
      "percentage_of_license_text": 0,
      "copyrights": [],
      "holders": [],
      "authors": [],
      "package_data": [],
      "for_packages": [],
      "is_legal": false,
      "is_manifest": false,
      "is_readme": false,
      "is_top_level": true,
      "is_key_file": false,
      "files_count": 1,
      "dirs_count": 0,
      "size_count": 67,
      "scan_errors": []
    },
    {
      "path": "codebase/tests/test_a.py",
      "type": "file",
      "name": "test_a.py",
      "base_name": "test_a",
      "extension": ".py",
      "size": 67,
      "sha1": "67b480fc1edd1078938152b4dbccd097a4fd2727",
      "md5": "040651978c6d3b38c8b2536dea1b8ad7",
      "sha256": "c98d765cfb4898eba46bc1b2ddf41e4481836de98fe7d3a2f50de25eb6367d8f",
      "mime_type": "text/plain",
      "file_type": "ASCII text",
      "programming_language": "Python",
      "is_binary": false,
      "is_text": true,
      "is_archive": false,
      "is_media": false,
      "is_source": true,
      "is_script": false,
      "licenses": [
        {
          "key": "gpl-1.0-plus",
          "score": 100.0,
          "name": "GNU General Public License 1.0 or later",
          "short_name": "GPL 1.0 or later",
          "category": "Copyleft",
          "is_exception": false,
          "is_unknown": false,
          "owner": "Free Software Foundation (FSF)",
          "homepage_url": "http://www.gnu.org/licenses/old-licenses/gpl-1.0-standalone.html",
          "text_url": "http://www.gnu.org/licenses/old-licenses/gpl-1.0-standalone.html",
          "reference_url": "https://scancode-licensedb.aboutcode.org/gpl-1.0-plus",
          "scancode_text_url": "https://github.com/nexB/scancode-toolkit/tree/develop/src/licensedcode/data/licenses/gpl-1.0-plus.LICENSE",
          "scancode_data_url": "https://github.com/nexB/scancode-toolkit/tree/develop/src/licensedcode/data/licenses/gpl-1.0-plus.yml",
          "spdx_license_key": "GPL-1.0-or-later",
          "spdx_url": "https://spdx.org/licenses/GPL-1.0-or-later",
          "start_line": 2,
          "end_line": 2,
          "matched_rule": {
            "identifier": "gpl_208.RULE",
            "license_expression": "gpl-1.0-plus",
            "licenses": [
              "gpl-1.0-plus"
            ],
            "referenced_filenames": [],
            "is_license_text": false,
            "is_license_notice": false,
            "is_license_reference": true,
            "is_license_tag": false,
            "is_license_intro": false,
            "has_unknown": false,
            "matcher": "2-aho",
            "rule_length": 3,
            "matched_length": 3,
            "match_coverage": 100.0,
            "rule_relevance": 100
          }
        },
        {
          "key": "gpl-2.0",
          "score": 100.0,
          "name": "GNU General Public License 2.0",
          "short_name": "GPL 2.0",
          "category": "Copyleft",
          "is_exception": false,
          "is_unknown": false,
          "owner": "Free Software Foundation (FSF)",
          "homepage_url": "http://www.gnu.org/licenses/gpl-2.0.html",
          "text_url": "http://www.gnu.org/licenses/gpl-2.0.txt",
          "reference_url": "https://scancode-licensedb.aboutcode.org/gpl-2.0",
          "scancode_text_url": "https://github.com/nexB/scancode-toolkit/tree/develop/src/licensedcode/data/licenses/gpl-2.0.LICENSE",
          "scancode_data_url": "https://github.com/nexB/scancode-toolkit/tree/develop/src/licensedcode/data/licenses/gpl-2.0.yml",
          "spdx_license_key": "GPL-2.0-only",
          "spdx_url": "https://spdx.org/licenses/GPL-2.0-only",
          "start_line": 2,
          "end_line": 2,
          "matched_rule": {
            "identifier": "gpl-2.0_840.RULE",
            "license_expression": "gpl-2.0",
            "licenses": [
              "gpl-2.0"
            ],
            "referenced_filenames": [],
            "is_license_text": false,
            "is_license_notice": false,
            "is_license_reference": true,
            "is_license_tag": false,
            "is_license_intro": false,
            "has_unknown": false,
            "matcher": "2-aho",
            "rule_length": 3,
            "matched_length": 3,
            "match_coverage": 100.0,
            "rule_relevance": 100
          }
        },
        {
          "key": "gpl-2.0-plus",
          "score": 50.0,
          "name": "GNU General Public License 2.0 or later",
          "short_name": "GPL 2.0 or later",
          "category": "Copyleft",
          "is_exception": false,
          "is_unknown": false,
          "owner": "Free Software Foundation (FSF)",
          "homepage_url": "http://www.gnu.org/licenses/old-licenses/gpl-2.0-standalone.html",
          "text_url": "http://www.gnu.org/licenses/old-licenses/gpl-2.0-standalone.html",
          "reference_url": "https://scancode-licensedb.aboutcode.org/gpl-2.0-plus",
          "scancode_text_url": "https://github.com/nexB/scancode-toolkit/tree/develop/src/licensedcode/data/licenses/gpl-2.0-plus.LICENSE",
          "scancode_data_url": "https://github.com/nexB/scancode-toolkit/tree/develop/src/licensedcode/data/licenses/gpl-2.0-plus.yml",
          "spdx_license_key": "GPL-2.0-or-later",
          "spdx_url": "https://spdx.org/licenses/GPL-2.0-or-later",
          "start_line": 2,
          "end_line": 2,
          "matched_rule": {
            "identifier": "spdx_license_id_gpl-2.0-or-later_for_gpl-2.0-plus.RULE",
            "license_expression": "gpl-2.0-plus",
            "licenses": [
              "gpl-2.0-plus"
            ],
            "referenced_filenames": [],
            "is_license_text": false,
            "is_license_notice": false,
            "is_license_reference": true,
            "is_license_tag": false,
            "is_license_intro": false,
            "has_unknown": false,
            "matcher": "2-aho",
            "rule_length": 5,
            "matched_length": 5,
            "match_coverage": 100.0,
            "rule_relevance": 50
          }
        }
      ],
      "license_expressions": [
        "gpl-1.0-plus",
        "gpl-2.0",
        "gpl-2.0-plus"
      ],
      "percentage_of_license_text": 58.33,
      "copyrights": [
        {
          "copyright": "Copyright Example Corp.",
          "start_line": 1,
          "end_line": 1
        }
      ],
      "holders": [
        {
          "holder": "Example Corp.",
          "start_line": 1,
          "end_line": 1
        }
      ],
      "authors": [],
      "package_data": [],
      "for_packages": [],
      "is_legal": false,
      "is_manifest": false,
      "is_readme": false,
      "is_top_level": false,
      "is_key_file": false,
      "files_count": 0,
      "dirs_count": 0,
      "size_count": 0,
      "scan_errors": []
    }
  ]
}