{
  "dependencies": [],
  "packages": [
    {
      "type": "pypi",
      "namespace": null,
      "name": "codebase",
      "version": null,
      "qualifiers": {},
      "subpath": null,
      "primary_language": "Python",
      "description": null,
      "release_date": null,
      "parties": [
        {
          "type": "person",
          "role": "author",
          "name": "Example Corp.",
          "email": null,
          "url": null
        }
      ],
      "keywords": [],
      "homepage_url": null,
      "download_url": null,
      "size": null,
      "sha1": null,
      "md5": null,
      "sha256": null,
      "sha512": null,
      "bug_tracking_url": null,
      "code_view_url": null,
      "vcs_url": null,
      "copyright": null,
      "license_expression": "apache-2.0",
      "declared_license": {
        "license": "apache-2.0"
      },
      "notice_text": null,
      "source_packages": [],
      "extra_data": {},
      "repository_homepage_url": "https://pypi.org/project/codebase",
      "repository_download_url": null,
      "api_data_url": "https://pypi.org/pypi/codebase/json",
      "package_uid": "pkg:pypi/codebase?uuid=fixed-uid-done-for-testing-5642512d1758",
      "datafile_paths": [
        "codebase/setup.py"
      ],
      "datasource_ids": [
        "pypi_setup_py"
      ],
      "purl": "pkg:pypi/codebase"
    }
  ],
  "summary": {
    "declared_license_expression": "apache-2.0",
    "license_clarity_score": {
      "score": 100,
      "declared_license": true,
      "identification_precision": true,
      "has_license_text": true,
      "declared_copyrights": true,
      "conflicting_license_categories": false,
      "ambiguous_compound_licensing": false
    },
    "declared_holder": "Example Corp.",
    "primary_language": "Python",
    "other_license_expressions": [
      {
        "value": "apache-2.0 OR mit",
        "count": 1
      },
      {
        "value": "mit",
        "count": 1
      }
    ],
    "other_holders": [
      {
        "value": null,
        "count": 3
      }
    ],
    "other_languages": []
  },
  "files": [
    {
      "path": "codebase",
      "type": "directory",
      "name": "codebase",
      "base_name": "codebase",
      "extension": "",
      "size": 0,
      "sha1": null,
      "md5": null,
      "sha256": null,
      "mime_type": null,
      "file_type": null,
      "programming_language": null,
      "is_binary": false,
      "is_text": false,
      "is_archive": false,
      "is_media": false,
      "is_source": false,
      "is_script": false,
      "licenses": [],
      "license_expressions": [],
      "percentage_of_license_text": 0,
      "copyrights": [],
      "holders": [],
      "authors": [],
      "package_data": [],
      "for_packages": [],
      "is_legal": false,
      "is_manifest": false,
      "is_readme": false,
      "is_top_level": true,
      "is_key_file": false,
      "files_count": 4,
      "dirs_count": 0,
      "size_count": 11357,
      "scan_errors": []
    },
    {
      "path": "codebase/README.txt",
      "type": "file",
      "name": "README.txt",
      "base_name": "README",
      "extension": ".txt",
      "size": 78,
      "sha1": "1df6d834f14cf559f8294602edc62cd1fd3a801a",
      "md5": "4d6efca9ce0e3674ff53d5769e8e6d3b",
      "sha256": "558bb811471ccfa7e3a17920decbea52596cdb3cbb40bcd3b55dba2a62814650",
      "mime_type": "text/plain",
      "file_type": "ASCII text",
      "programming_language": null,
      "is_binary": false,
      "is_text": true,
      "is_archive": false,
      "is_media": false,
      "is_source": false,
      "is_script": false,
      "licenses": [
        {
          "key": "apache-2.0",
          "score": 80.0,
          "name": "Apache License 2.0",
          "short_name": "Apache 2.0",
          "category": "Permissive",
          "is_exception": false,
          "is_unknown": false,
          "owner": "Apache Software Foundation",
          "homepage_url": "http://www.apache.org/licenses/",
          "text_url": "http://www.apache.org/licenses/LICENSE-2.0",
          "reference_url": "https://scancode-licensedb.aboutcode.org/apache-2.0",
          "scancode_text_url": "https://github.com/nexB/scancode-toolkit/tree/develop/src/licensedcode/data/licenses/apache-2.0.LICENSE",
          "scancode_data_url": "https://github.com/nexB/scancode-toolkit/tree/develop/src/licensedcode/data/licenses/apache-2.0.yml",
          "spdx_license_key": "Apache-2.0",
          "spdx_url": "https://spdx.org/licenses/Apache-2.0",
          "start_line": 3,
          "end_line": 3,
          "matched_rule": {
            "identifier": "apache-2.0_73.RULE",
            "license_expression": "apache-2.0",
            "licenses": [
              "apache-2.0"
            ],
            "referenced_filenames": [],
            "is_license_text": false,
            "is_license_notice": false,
            "is_license_reference": true,
            "is_license_tag": false,
            "is_license_intro": false,
            "has_unknown": false,
            "matcher": "2-aho",
            "rule_length": 4,
            "matched_length": 4,
            "match_coverage": 100.0,
            "rule_relevance": 80
          }
        },
        {
          "key": "apache-2.0",
          "score": 100.0,
          "name": "Apache License 2.0",
          "short_name": "Apache 2.0",
          "category": "Permissive",
          "is_exception": false,
          "is_unknown": false,
          "owner": "Apache Software Foundation",
          "homepage_url": "http://www.apache.org/licenses/",
          "text_url": "http://www.apache.org/licenses/LICENSE-2.0",
          "reference_url": "https://scancode-licensedb.aboutcode.org/apache-2.0",
          "scancode_text_url": "https://github.com/nexB/scancode-toolkit/tree/develop/src/licensedcode/data/licenses/apache-2.0.LICENSE",
          "scancode_data_url": "https://github.com/nexB/scancode-toolkit/tree/develop/src/licensedcode/data/licenses/apache-2.0.yml",
          "spdx_license_key": "Apache-2.0",
          "spdx_url": "https://spdx.org/licenses/Apache-2.0",
          "start_line": 3,
          "end_line": 3,
          "matched_rule": {
            "identifier": "apache-2.0_or_mit_36.RULE",
            "license_expression": "apache-2.0 OR mit",
            "licenses": [
              "apache-2.0",
              "mit"
            ],
            "referenced_filenames": [],
            "is_license_text": false,
            "is_license_notice": false,
            "is_license_reference": true,
            "is_license_tag": false,
            "is_license_intro": false,
            "has_unknown": false,
            "matcher": "2-aho",
            "rule_length": 5,
            "matched_length": 5,
            "match_coverage": 100.0,
            "rule_relevance": 100
          }
        },
        {
          "key": "mit",
          "score": 100.0,
          "name": "MIT License",
          "short_name": "MIT License",
          "category": "Permissive",
          "is_exception": false,
          "is_unknown": false,
          "owner": "MIT",
          "homepage_url": "http://opensource.org/licenses/mit-license.php",
          "text_url": "http://opensource.org/licenses/mit-license.php",
          "reference_url": "https://scancode-licensedb.aboutcode.org/mit",
          "scancode_text_url": "https://github.com/nexB/scancode-toolkit/tree/develop/src/licensedcode/data/licenses/mit.LICENSE",
          "scancode_data_url": "https://github.com/nexB/scancode-toolkit/tree/develop/src/licensedcode/data/licenses/mit.yml",
          "spdx_license_key": "MIT",
          "spdx_url": "https://spdx.org/licenses/MIT",
          "start_line": 3,
          "end_line": 3,
          "matched_rule": {
            "identifier": "apache-2.0_or_mit_36.RULE",
            "license_expression": "apache-2.0 OR mit",
            "licenses": [
              "apache-2.0",
              "mit"
            ],
            "referenced_filenames": [],
            "is_license_text": false,
            "is_license_notice": false,
            "is_license_reference": true,
            "is_license_tag": false,
            "is_license_intro": false,
            "has_unknown": false,
            "matcher": "2-aho",
            "rule_length": 5,
            "matched_length": 5,
            "match_coverage": 100.0,
            "rule_relevance": 100
          }
        }
      ],
      "license_expressions": [
        "apache-2.0",
        "apache-2.0 OR mit"
      ],
      "percentage_of_license_text": 57.14,
      "copyrights": [
        {
          "copyright": "Copyright Example Corp.",
          "start_line": 5,
          "end_line": 5
        }
      ],
      "holders": [
        {
          "holder": "Example Corp.",
          "start_line": 5,
          "end_line": 5
        }
      ],
      "authors": [],
      "package_data": [],
      "for_packages": [
        "pkg:pypi/codebase?uuid=fixed-uid-done-for-testing-5642512d1758"
      ],
      "is_legal": false,
      "is_manifest": false,
      "is_readme": true,
      "is_top_level": true,
      "is_key_file": true,
      "files_count": 0,
      "dirs_count": 0,
      "size_count": 0,
      "scan_errors": []
    },
    {
      "path": "codebase/apache-2.0.LICENSE",
      "type": "file",
      "name": "apache-2.0.LICENSE",
      "base_name": "apache-2.0",
      "extension": ".LICENSE",
      "size": 10173,
      "sha1": "a6a5418b4d67d9f3a33cbf184b25ac7f9fa87d33",
      "md5": "e23fadd6ceef8c618fc1c65191d846fa",
      "sha256": "a6cba85bc92e0cff7a450b1d873c0eaa2e9fc96bf472df0247a26bec77bf3ff9",
      "mime_type": "text/plain",
      "file_type": "ASCII text",
      "programming_language": null,
      "is_binary": false,
      "is_text": true,
      "is_archive": false,
      "is_media": false,
      "is_source": false,
      "is_script": false,
      "licenses": [
        {
          "key": "apache-2.0",
          "score": 100.0,
          "name": "Apache License 2.0",
          "short_name": "Apache 2.0",
          "category": "Permissive",
          "is_exception": false,
          "is_unknown": false,
          "owner": "Apache Software Foundation",
          "homepage_url": "http://www.apache.org/licenses/",
          "text_url": "http://www.apache.org/licenses/LICENSE-2.0",
          "reference_url": "https://scancode-licensedb.aboutcode.org/apache-2.0",
          "scancode_text_url": "https://github.com/nexB/scancode-toolkit/tree/develop/src/licensedcode/data/licenses/apache-2.0.LICENSE",
          "scancode_data_url": "https://github.com/nexB/scancode-toolkit/tree/develop/src/licensedcode/data/licenses/apache-2.0.yml",
          "spdx_license_key": "Apache-2.0",
          "spdx_url": "https://spdx.org/licenses/Apache-2.0",
          "start_line": 1,
          "end_line": 176,
          "matched_rule": {
            "identifier": "apache-2.0_93.RULE",
            "license_expression": "apache-2.0",
            "licenses": [
              "apache-2.0"
            ],
            "referenced_filenames": [],
            "is_license_text": true,
            "is_license_notice": false,
            "is_license_reference": false,
            "is_license_tag": false,
            "is_license_intro": false,
            "has_unknown": false,
            "matcher": "1-hash",
            "rule_length": 1410,
            "matched_length": 1410,
            "match_coverage": 100.0,
            "rule_relevance": 100
          }
        }
      ],
      "license_expressions": [
        "apache-2.0"
      ],
      "percentage_of_license_text": 100.0,
      "copyrights": [],
      "holders": [],
      "authors": [],
      "package_data": [],
      "for_packages": [
        "pkg:pypi/codebase?uuid=fixed-uid-done-for-testing-5642512d1758"
      ],
      "is_legal": true,
      "is_manifest": false,
      "is_readme": false,
      "is_top_level": true,
      "is_key_file": true,
      "files_count": 0,
      "dirs_count": 0,
      "size_count": 0,
      "scan_errors": []
    },
    {
      "path": "codebase/mit.LICENSE",
      "type": "file",
      "name": "mit.LICENSE",
      "base_name": "mit",
      "extension": ".LICENSE",
      "size": 1022,
      "sha1": "d162bf6d725758cf35e4b4e49db3750e85bc98a0",
      "md5": "8d18be6409468bae48b33b87db85824a",
      "sha256": "17eeb111a052462b64de9a5a56983f8d732922d8666ecbf20ede8f776b4c4df4",
      "mime_type": "text/plain",
      "file_type": "ASCII text",
      "programming_language": null,
      "is_binary": false,
      "is_text": true,
      "is_archive": false,
      "is_media": false,
      "is_source": false,
      "is_script": false,
      "licenses": [
        {
          "key": "mit",
          "score": 100.0,
          "name": "MIT License",
          "short_name": "MIT License",
          "category": "Permissive",
          "is_exception": false,
          "is_unknown": false,
          "owner": "MIT",
          "homepage_url": "http://opensource.org/licenses/mit-license.php",
          "text_url": "http://opensource.org/licenses/mit-license.php",
          "reference_url": "https://scancode-licensedb.aboutcode.org/mit",
          "scancode_text_url": "https://github.com/nexB/scancode-toolkit/tree/develop/src/licensedcode/data/licenses/mit.LICENSE",
          "scancode_data_url": "https://github.com/nexB/scancode-toolkit/tree/develop/src/licensedcode/data/licenses/mit.yml",
          "spdx_license_key": "MIT",
          "spdx_url": "https://spdx.org/licenses/MIT",
          "start_line": 1,
          "end_line": 18,
          "matched_rule": {
            "identifier": "mit.LICENSE",
            "license_expression": "mit",
            "licenses": [
              "mit"
            ],
            "referenced_filenames": [],
            "is_license_text": true,
            "is_license_notice": false,
            "is_license_reference": false,
            "is_license_tag": false,
            "is_license_intro": false,
            "has_unknown": false,
            "matcher": "1-hash",
            "rule_length": 161,
            "matched_length": 161,
            "match_coverage": 100.0,
            "rule_relevance": 100
          }
        }
      ],
      "license_expressions": [
        "mit"
      ],
      "percentage_of_license_text": 100.0,
      "copyrights": [],
      "holders": [],
      "authors": [],
      "package_data": [],
      "for_packages": [
        "pkg:pypi/codebase?uuid=fixed-uid-done-for-testing-5642512d1758"
      ],
      "is_legal": true,
      "is_manifest": false,
      "is_readme": false,
      "is_top_level": true,
      "is_key_file": true,
      "files_count": 0,
      "dirs_count": 0,
      "size_count": 0,
      "scan_errors": []
    },
    {
      "path": "codebase/setup.py",
      "type": "file",
      "name": "setup.py",
      "base_name": "setup",
      "extension": ".py",
      "size": 84,
      "sha1": "10c7f4a6c2f60591dd08c9afeaeb7a05c76388a9",
      "md5": "425b1701628572de3fd81f9de0be2d64",
      "sha256": "e0e775cf6127edc482607cabcd652f3b10e6c69e03dc2e92c4b2174103831b3c",
      "mime_type": "text/plain",
      "file_type": "ASCII text",
      "programming_language": "Python",
      "is_binary": false,
      "is_text": true,
      "is_archive": false,
      "is_media": false,
      "is_source": true,
      "is_script": false,
      "licenses": [
        {
          "key": "apache-2.0",
          "score": 100.0,
          "name": "Apache License 2.0",
          "short_name": "Apache 2.0",
          "category": "Permissive",
          "is_exception": false,
          "is_unknown": false,
          "owner": "Apache Software Foundation",
          "homepage_url": "http://www.apache.org/licenses/",
          "text_url": "http://www.apache.org/licenses/LICENSE-2.0",
          "reference_url": "https://scancode-licensedb.aboutcode.org/apache-2.0",
          "scancode_text_url": "https://github.com/nexB/scancode-toolkit/tree/develop/src/licensedcode/data/licenses/apache-2.0.LICENSE",
          "scancode_data_url": "https://github.com/nexB/scancode-toolkit/tree/develop/src/licensedcode/data/licenses/apache-2.0.yml",
          "spdx_license_key": "Apache-2.0",
          "spdx_url": "https://spdx.org/licenses/Apache-2.0",
          "start_line": 3,
          "end_line": 3,
          "matched_rule": {
            "identifier": "apache-2.0_65.RULE",
            "license_expression": "apache-2.0",
            "licenses": [
              "apache-2.0"
            ],
            "referenced_filenames": [],
            "is_license_text": false,
            "is_license_notice": false,
            "is_license_reference": false,
            "is_license_tag": true,
            "is_license_intro": false,
            "has_unknown": false,
            "matcher": "2-aho",
            "rule_length": 4,
            "matched_length": 4,
            "match_coverage": 100.0,
            "rule_relevance": 100
          }
        }
      ],
      "license_expressions": [
        "apache-2.0"
      ],
      "percentage_of_license_text": 40.0,
      "copyrights": [],
      "holders": [],
      "authors": [],
      "package_data": [
        {
          "type": "pypi",
          "namespace": null,
          "name": "codebase",
          "version": null,
          "qualifiers": {},
          "subpath": null,
          "primary_language": "Python",
          "description": "",
          "release_date": null,
          "parties": [
            {
              "type": "person",
              "role": "author",
              "name": "Example Corp.",
              "email": null,
              "url": null
            }
          ],
          "keywords": [],
          "homepage_url": null,
          "download_url": null,
          "size": null,
          "sha1": null,
          "md5": null,
          "sha256": null,
          "sha512": null,
          "bug_tracking_url": null,
          "code_view_url": null,
          "vcs_url": null,
          "copyright": null,
          "license_expression": null,
          "declared_license": {
            "license": "apache-2.0"
          },
          "notice_text": null,
          "source_packages": [],
          "file_references": [],
          "extra_data": {},
          "dependencies": [],
          "repository_homepage_url": "https://pypi.org/project/codebase",
          "repository_download_url": null,
          "api_data_url": "https://pypi.org/pypi/codebase/json",
          "datasource_id": "pypi_setup_py",
          "purl": "pkg:pypi/codebase"
        }
      ],
      "for_packages": [
        "pkg:pypi/codebase?uuid=fixed-uid-done-for-testing-5642512d1758"
      ],
      "is_legal": false,
      "is_manifest": true,
      "is_readme": false,
      "is_top_level": true,
      "is_key_file": true,
      "files_count": 0,
      "dirs_count": 0,
      "size_count": 0,
      "scan_errors": []
    }
  ]
}