primary_license:
declared_license:
license_expression: bsd-source-code
copyright: Copyright (c) 2006-2010, Myricom Inc.
matches:
  - score: '95.16'
    start_line: 1
    end_line: 27
    matcher: 3-seq
    rule_length: 186
    matched_length: 177
    match_coverage: '95.16'
    rule_relevance: 100
    identifier: bsd-source-code_1.RULE
    license_expression: bsd-source-code
    is_license_text: yes
    is_license_notice: no
    is_license_reference: no
    is_license_tag: no
    is_license_intro: no
    matched_text: "binary [firmware] [may] [be] [downloaded] [from]\n [https]://[git].[kernel].[org]/[cgit]/[linux]/[kernel]/[git]/[firmware]/[linux]-[firmware].[git]\n\
      \ \n [Copyright] ([c]) [2006]-[2010], [Myricom] [Inc].\n [All] [rights] [reserved].\n\
      \ \n [Redistribution] [and] [use] [in] [source] [and] [binary] forms, with or without\n\
      \ modification, are permitted provided that the following conditions are met:\n \n  1.\
      \ Redistributions of source code must retain the above copyright notice,\n     this list\
      \ of conditions and the following disclaimer.\n \n  2. Neither the name of the [Myricom]\
      \ [Inc], nor the names of its\n     contributors may be used to endorse or promote products\
      \ derived from\n     this software without specific prior written permission.\n \n THIS\
      \ SOFTWARE IS PROVIDED BY THE COPYRIGHT HOLDERS AND CONTRIBUTORS \"AS IS\"\n AND ANY EXPRESS\
      \ OR IMPLIED WARRANTIES, INCLUDING, BUT NOT LIMITED TO, THE\n IMPLIED WARRANTIES OF MERCHANTABILITY\
      \ AND FITNESS FOR A PARTICULAR PURPOSE\n ARE DISCLAIMED. IN NO EVENT SHALL THE COPYRIGHT\
      \ [OWNER] OR CONTRIBUTORS BE\n LIABLE FOR ANY DIRECT, INDIRECT, INCIDENTAL, SPECIAL, EXEMPLARY,\
      \ OR\n CONSEQUENTIAL DAMAGES (INCLUDING, BUT NOT LIMITED TO, PROCUREMENT OF\n SUBSTITUTE\
      \ GOODS OR SERVICES; LOSS OF USE, DATA, OR PROFITS; OR BUSINESS\n INTERRUPTION) HOWEVER\
      \ CAUSED AND ON ANY THEORY OF LIABILITY, WHETHER IN\n CONTRACT, STRICT LIABILITY, OR TORT\
      \ (INCLUDING NEGLIGENCE OR OTHERWISE)\n ARISING IN ANY WAY OUT OF THE USE OF THIS SOFTWARE,\
      \ EVEN IF ADVISED OF THE\n POSSIBILITY OF SUCH DAMAGE."
