primary_license:
declared_license:
license_expression: proprietary-license
copyright: |
  Copyright (c) 2007-2010 Broadcom Corporation
  Copyright (c) 2007-2009 Broadcom Corporation
matches:
  - score: '87.5'
    start_line: 6
    end_line: 11
    matcher: 3-seq
    rule_length: 35
    matched_length: 35
    match_coverage: '100.0'
    rule_relevance: 100
    identifier: proprietary-license_599.RULE
    license_expression: proprietary-license
    is_license_text: no
    is_license_notice: yes
    is_license_reference: no
    is_license_tag: no
    is_license_intro: no
    matched_text: |
      This file contains firmware data derived from proprietary unpublished
      source code, Copyright ([c]) [2007]-[2009] [Broadcom] [Corporation].

      Permission is hereby granted for the distribution of this firmware data
      in hexadecimal or equivalent format, provided this copyright notice is
      accompanying it.
