primary_license:
declared_license:
license_expression: qlogic-firmware
copyright: Copyright (c) 2003-2010 QLogic Corporation QLogic Linux Intelligent Ethernet
matches:
  - score: '100.0'
    start_line: 7
    end_line: 34
    matcher: 2-aho
    rule_length: 262
    matched_length: 262
    match_coverage: '100.0'
    rule_relevance: 100
    identifier: qlogic-firmware.LICENSE
    license_expression: qlogic-firmware
    is_license_text: yes
    is_license_notice: no
    is_license_reference: no
    is_license_tag: no
    is_license_intro: no
    matched_text: "Redistribution and use in binary form, without modification, for use in conjunction\n\
      with QLogic authorized products is permitted provided that the following conditions\n\
      are met:\n\n1. Redistribution in binary form must reproduce the above copyright notice, this \n\
      \   list of conditions and the following disclaimer in the documentation and/or \n   other\
      \ materials provided with the distribution.\n2. The name of QLogic Corporation may not be used to\
      \ endorse or promote products \n   derived from this software without specific prior written permission.\n\
      3. Reverse engineering, decompilation, or disassembly of this firmware is not \n   permitted.\n\
      \nREGARDLESS OF WHAT LICENSING MECHANISM IS USED OR APPLICABLE,THIS PROGRAM IS \nPROVIDED BY QLOGIC CORPORATION \"\
      AS IS'' AND ANY EXPRESS OR IMPLIED WARRANTIES, \nINCLUDING, BUT NOT LIMITED TO, THE IMPLIED WARRANTIES OF MERCHANTABILITY AND \n\
      FITNESS FOR A PARTICULAR PURPOSE ARE DISCLAIMED. IN NO EVENT SHALL THE AUTHOR\nBE LIABLE FOR ANY DIRECT, INDIRECT, INCIDENTAL, SPECIAL,\
      \ EXEMPLARY, OR \nCONSEQUENTIAL DAMAGES (INCLUDING, BUT NOT LIMITED TO, PROCUREMENT OF SUBSTITUTE \n\
      GOODS OR SERVICES; LOSS OF USE,DATA, OR PROFITS; OR BUSINESS INTERRUPTION) \nHOWEVER CAUSED AND ON\
      \ ANY THEORY OF LIABILITY, WHETHER IN CONTRACT, STRICT \nLIABILITY,OR TORT (INCLUDING NEGLIGENCE OR OTHERWISE) ARISING IN ANY WAY\n\
      OUT OF THE USE OF THIS SOFTWARE, EVEN IF ADVISED OF THE POSSIBILITY OF SUCH DAMAGE.\n\n\
      USER ACKNOWLEDGES AND AGREES THAT USE OF THIS PROGRAM WILL NOT CREATE OR GIVE \nGROUNDS FOR A LICENSE BY IMPLICATION, ESTOPPEL, OR\
      \ OTHERWISE IN ANY INTELLECTUAL\nPROPERTY RIGHTS (PATENT, COPYRIGHT, TRADE SECRET, MASK WORK, OR OTHER PROPRIETARY\n\
      RIGHT) EMBODIED IN ANY OTHER QLOGIC HARDWARE OR SOFTWARE EITHER SOLELY OR IN\nCOMBINATION WITH THIS PROGRAM."
