primary_license:
declared_license:
license_expression: lgpl-2.1-plus AND gpl-2.0
copyright: |
  Copyright (c) 2004-2007 Tresys Technology, LLC
  Copyright (c) 2005 Red Hat, Inc.
  (c) 2005-2009, Manoj Srivastava <srivasta@debian.org>
matches:
  - score: '100.0'
    start_line: 7
    end_line: 22
    matcher: 2-aho
    rule_length: 140
    matched_length: 140
    match_coverage: '100.0'
    rule_relevance: 100
    identifier: lgpl-2.1-plus_385.RULE
    license_expression: lgpl-2.1-plus
    is_license_text: no
    is_license_notice: yes
    is_license_reference: no
    is_license_tag: no
    is_license_intro: no
    matched_text: |
      This library is free software; you can redistribute it and/or
          modify it under the terms of the GNU Lesser General Public
          License as published by the Free Software Foundation; either
          version 2.1 of the License, or (at your option) any later version.

          This library is distributed in the hope that it will be useful,
          but WITHOUT ANY WARRANTY; without even the implied warranty of
          MERCHANTABILITY or FITNESS FOR A PARTICULAR PURPOSE.  See the GNU
          Lesser General Public License for more details.

          You should have received a copy of the GNU Lesser General Public
          License along with this library; if not, write to the Free Software
          Foundation, Inc., 51 Franklin St, Fifth Floor, Boston, MA  02110-1

      On Debian GNU/Linux systems, the complete text of the Lesser GNU General
      Public License can be found in `/usr/share/common-licenses/LGPL'.
  - score: '100.0'
    start_line: 27
    end_line: 36
    matcher: 2-aho
    rule_length: 77
    matched_length: 77
    match_coverage: '100.0'
    rule_relevance: 100
    identifier: gpl-2.0_1123.RULE
    license_expression: gpl-2.0
    is_license_text: no
    is_license_notice: yes
    is_license_reference: no
    is_license_tag: no
    is_license_intro: no
    matched_text: |
      distributed under the terms of the GNU
      General Public License, version 2.

      On Debian GNU/Linux systems, the complete text of the GNU General
      Public License can be found in `/usr/share/common-licenses/GPL'.

          A copy of the GNU General Public License is also available at
          <URL:http://www.gnu.org/copyleft/gpl.html>.  You may also obtain
          it by writing to the Free Software Foundation, Inc., 51 Franklin
          St, Fifth Floor, Boston, MA 02110-1301, USA.
